2026-09-28 17:20:04 | INFO | Initializing Fashion Recommender
2026-09-28 17:20:04 | INFO | Device=cpu
2026-09-28 17:20:04 | INFO | Loading CLIP model
2026-09-28 17:20:08 | INFO | Loaded products=4,000
2026-09-28 17:20:08 | INFO | Loaded categories=142
2026-09-28 17:20:08 | INFO | Recommender initialized successfully
2026-09-28 17:23:08 | INFO | request=1163d460 | CATEGORY | predicted=Trousers | confidence=0.3044
2026-09-28 17:23:08 | INFO | request=1163d460 | CATEGORY_CANDIDATE | rank=1 | category=Trousers | score=8.238749
2026-09-28 17:23:08 | INFO | request=1163d460 | CATEGORY_CANDIDATE | rank=2 | category=Track Pants | score=7.247946
2026-09-28 17:23:08 | INFO | request=1163d460 | CATEGORY_CANDIDATE | rank=3 | category=Lounge Pants | score=3.181253
2026-09-28 17:23:08 | INFO | request=1163d460 | CATEGORY_CANDIDATE | rank=4 | category=Shorts | score=2.159614
2026-09-28 17:23:08 | INFO | request=1163d460 | CATEGORY_CANDIDATE | rank=5 | category=Capris | score=1.580182
2026-09-28 17:23:08 | INFO | request=1163d460 | IMAGE_RECOMMENDATION_COMPLETE | mode=soft_category | category=Trousers | confidence=0.3044 | ranking=0.0416s | total=0.5601s
2026-09-28 17:47:29 | INFO | Initializing Fashion Recommender
2026-09-28 17:47:29 | INFO | Device=cpu
2026-09-28 17:47:29 | INFO | Loading CLIP model
2026-09-28 17:47:31 | INFO | Loaded products=5,015
2026-09-28 17:47:31 | INFO | Loaded categories=142
2026-09-28 17:47:31 | INFO | Recommender initialized successfully
2026-09-29 09:21:44 | INFO | Initializing Fashion Recommender
2026-09-29 09:21:44 | INFO | Device=cpu
2026-09-29 09:21:44 | INFO | Loading CLIP model
2026-09-29 09:21:46 | INFO | Loaded products=5,015
2026-09-29 09:21:46 | INFO | Loaded categories=142
2026-09-29 09:21:46 | INFO | Recommender initialized successfully
2026-09-29 09:22:07 | INFO | TEXT_SEARCH | query='A red dress with flowers.' | top_k=5 | image_weight=0.50 | elapsed=0.5949s
2026-09-29 12:15:43 | INFO | Initializing Fashion Recommender
2026-09-29 12:15:43 | INFO | Device=cpu
2026-09-29 12:15:43 | INFO | Loading CLIP model
2026-09-29 12:15:44 | INFO | Loaded products=5,000
2026-09-29 12:15:44 | INFO | Loaded categories=142
2026-09-29 12:15:44 | INFO | Recommender initialized successfully
2026-09-29 12:17:10 | INFO | TEXT_SEARCH | query='A red dress with flowers.' | top_k=5 | image_weight=0.50 | elapsed=0.0702s
2026-09-29 12:17:15 | INFO | TEXT_SEARCH | query='Simplicitous White sports shoes' | top_k=5 | image_weight=0.50 | elapsed=0.0682s
2026-09-29 12:19:51 | INFO | request=009ed2fa | CATEGORY | predicted=Sunglasses | confidence=0.9599
2026-09-29 12:19:51 | INFO | request=009ed2fa | CATEGORY_CANDIDATE | rank=1 | category=Sunglasses | score=30.026230
2026-09-29 12:19:51 | INFO | request=009ed2fa | CATEGORY_CANDIDATE | rank=2 | category=Free Gifts | score=0.642739
2026-09-29 12:19:51 | INFO | request=009ed2fa | CATEGORY_CANDIDATE | rank=3 | category=Ties and Cufflinks | score=0.612462
2026-09-29 12:19:51 | INFO | request=009ed2fa | IMAGE_RECOMMENDATION_COMPLETE | mode=soft_category | category=Sunglasses | confidence=0.9599 | ranking=0.0182s | total=1.2214s
2026-09-29 12:19:57 | INFO | request=dea299d7 | CATEGORY | predicted=Sunglasses | confidence=0.9599
2026-09-29 12:19:57 | INFO | request=dea299d7 | CATEGORY_CANDIDATE | rank=1 | category=Sunglasses | score=30.026230
2026-09-29 12:19:57 | INFO | request=dea299d7 | CATEGORY_CANDIDATE | rank=2 | category=Free Gifts | score=0.642739
2026-09-29 12:19:57 | INFO | request=dea299d7 | CATEGORY_CANDIDATE | rank=3 | category=Ties and Cufflinks | score=0.612462
2026-09-29 12:19:57 | INFO | request=dea299d7 | IMAGE_RECOMMENDATION_COMPLETE | mode=soft_category | category=Sunglasses | confidence=0.9599 | ranking=0.0102s | total=0.0880s
2026-09-29 12:20:41 | INFO | request=c7948386 | CATEGORY | predicted=Sweatshirts | confidence=0.2619
2026-09-29 12:20:41 | INFO | request=c7948386 | CATEGORY_CANDIDATE | rank=1 | category=Sweatshirts | score=3.394674
2026-09-29 12:20:41 | INFO | request=c7948386 | CATEGORY_CANDIDATE | rank=2 | category=Track Pants | score=1.375395
2026-09-29 12:20:41 | INFO | request=c7948386 | CATEGORY_CANDIDATE | rank=3 | category=Tshirts | score=1.160224
2026-09-29 12:20:41 | INFO | request=c7948386 | CATEGORY_CANDIDATE | rank=4 | category=Jackets | score=1.048986
2026-09-29 12:20:41 | INFO | request=c7948386 | CATEGORY_CANDIDATE | rank=5 | category=Tops | score=0.985548
2026-09-29 12:20:41 | INFO | request=c7948386 | IMAGE_RECOMMENDATION_COMPLETE | mode=soft_category | category=Sweatshirts | confidence=0.2619 | ranking=0.0116s | total=0.0971s
2026-09-29 12:20:50 | INFO | request=00c9c879 | CATEGORY | predicted=Sweatshirts | confidence=0.2619
2026-09-29 12:20:50 | INFO | request=00c9c879 | CATEGORY_CANDIDATE | rank=1 | category=Sweatshirts | score=3.394674
2026-09-29 12:20:50 | INFO | request=00c9c879 | CATEGORY_CANDIDATE | rank=2 | category=Track Pants | score=1.375395
2026-09-29 12:20:50 | INFO | request=00c9c879 | CATEGORY_CANDIDATE | rank=3 | category=Tshirts | score=1.160224
2026-09-29 12:20:50 | INFO | request=00c9c879 | CATEGORY_CANDIDATE | rank=4 | category=Jackets | score=1.048986
2026-09-29 12:20:50 | INFO | request=00c9c879 | CATEGORY_CANDIDATE | rank=5 | category=Tops | score=0.985548
2026-09-29 12:20:50 | INFO | request=00c9c879 | IMAGE_RECOMMENDATION_COMPLETE | mode=hard_category | category=Sweatshirts | confidence=0.2619 | ranking=0.0033s | total=0.0868s
2026-09-29 12:21:13 | INFO | request=c7b4a11f | CATEGORY | predicted=Tshirts | confidence=0.9442
2026-09-29 12:21:13 | INFO | request=c7b4a11f | CATEGORY_CANDIDATE | rank=1 | category=Tshirts | score=12.082340
2026-09-29 12:21:13 | INFO | request=c7b4a11f | CATEGORY_CANDIDATE | rank=2 | category=Sweatshirts | score=0.495402
2026-09-29 12:21:13 | INFO | request=c7b4a11f | CATEGORY_CANDIDATE | rank=3 | category=Innerwear Vests | score=0.218831
2026-09-29 12:21:13 | INFO | request=c7b4a11f | IMAGE_RECOMMENDATION_COMPLETE | mode=soft_category | category=Tshirts | confidence=0.9442 | ranking=0.0098s | total=0.0898s
2026-09-29 12:21:20 | INFO | request=05981421 | IMAGE_RECOMMENDATION_COMPLETE | mode=no_category | category=not_used | confidence=not_used | ranking=0.0119s | total=0.0758s
2026-09-29 12:21:35 | INFO | request=79504ecf | CATEGORY | predicted=Handbags | confidence=0.5988
2026-09-29 12:21:35 | INFO | request=79504ecf | CATEGORY_CANDIDATE | rank=1 | category=Handbags | score=6.399327
2026-09-29 12:21:35 | INFO | request=79504ecf | CATEGORY_CANDIDATE | rank=2 | category=Skirts | score=1.003768
2026-09-29 12:21:35 | INFO | request=79504ecf | CATEGORY_CANDIDATE | rank=3 | category=Backpacks | score=0.653167
2026-09-29 12:21:35 | INFO | request=79504ecf | CATEGORY_CANDIDATE | rank=4 | category=Tops | score=0.608745
2026-09-29 12:21:35 | INFO | request=79504ecf | CATEGORY_CANDIDATE | rank=5 | category=Duffel Bag | score=0.432844
2026-09-29 12:21:35 | INFO | request=79504ecf | IMAGE_RECOMMENDATION_COMPLETE | mode=soft_category | category=Handbags | confidence=0.5988 | ranking=0.0110s | total=0.0897s
2026-09-29 12:21:41 | INFO | request=4f8db059 | IMAGE_RECOMMENDATION_COMPLETE | mode=no_category | category=not_used | confidence=not_used | ranking=0.0088s | total=0.1225s
2026-09-29 12:21:43 | INFO | request=59688552 | CATEGORY | predicted=Handbags | confidence=0.5988
2026-09-29 12:21:43 | INFO | request=59688552 | CATEGORY_CANDIDATE | rank=1 | category=Handbags | score=6.399327
2026-09-29 12:21:43 | INFO | request=59688552 | CATEGORY_CANDIDATE | rank=2 | category=Skirts | score=1.003768
2026-09-29 12:21:43 | INFO | request=59688552 | CATEGORY_CANDIDATE | rank=3 | category=Backpacks | score=0.653167
2026-09-29 12:21:43 | INFO | request=59688552 | CATEGORY_CANDIDATE | rank=4 | category=Tops | score=0.608745
2026-09-29 12:21:43 | INFO | request=59688552 | CATEGORY_CANDIDATE | rank=5 | category=Duffel Bag | score=0.432844
2026-09-29 12:21:43 | INFO | request=59688552 | IMAGE_RECOMMENDATION_COMPLETE | mode=soft_category | category=Handbags | confidence=0.5988 | ranking=0.0180s | total=0.1603s
2026-09-29 20:33:21 | INFO | Initializing Fashion Recommender
2026-09-29 20:33:21 | INFO | Device=cpu
2026-09-29 20:33:21 | INFO | Loading CLIP model
2026-09-29 20:33:23 | INFO | Loaded products=5,000
2026-09-29 20:33:23 | INFO | Loaded categories=142
2026-09-29 20:33:23 | INFO | Recommender initialized successfully
2026-09-29 20:33:43 | INFO | request=e6e381b8 | CATEGORY | predicted=Tops | confidence=0.2787
2026-09-29 20:33:43 | INFO | request=e6e381b8 | CATEGORY_CANDIDATE | rank=1 | category=Tops | score=5.139375
2026-09-29 20:33:43 | INFO | request=e6e381b8 | CATEGORY_CANDIDATE | rank=2 | category=Bra | score=2.571198
2026-09-29 20:33:43 | INFO | request=e6e381b8 | CATEGORY_CANDIDATE | rank=3 | category=Tshirts | score=1.904034
2026-09-29 20:33:43 | INFO | request=e6e381b8 | CATEGORY_CANDIDATE | rank=4 | category=Innerwear Vests | score=1.720972
2026-09-29 20:33:43 | INFO | request=e6e381b8 | CATEGORY_CANDIDATE | rank=5 | category=Camisoles | score=1.145791
2026-09-29 20:33:43 | INFO | request=e6e381b8 | IMAGE_RECOMMENDATION_COMPLETE | mode=soft_category | category=Tops | confidence=0.2787 | ranking=0.0164s | total=1.3134s
2026-09-29 20:33:51 | INFO | request=f2eac549 | IMAGE_RECOMMENDATION_COMPLETE | mode=no_category | category=not_used | confidence=not_used | ranking=0.0135s | total=0.2036s
2026-09-29 20:33:56 | INFO | request=050346e3 | CATEGORY | predicted=Tops | confidence=0.2787
2026-09-29 20:33:56 | INFO | request=050346e3 | CATEGORY_CANDIDATE | rank=1 | category=Tops | score=5.139375
2026-09-29 20:33:56 | INFO | request=050346e3 | CATEGORY_CANDIDATE | rank=2 | category=Bra | score=2.571198
2026-09-29 20:33:56 | INFO | request=050346e3 | CATEGORY_CANDIDATE | rank=3 | category=Tshirts | score=1.904034
2026-09-29 20:33:56 | INFO | request=050346e3 | CATEGORY_CANDIDATE | rank=4 | category=Innerwear Vests | score=1.720972
2026-09-29 20:33:56 | INFO | request=050346e3 | CATEGORY_CANDIDATE | rank=5 | category=Camisoles | score=1.145791
2026-09-29 20:33:56 | INFO | request=050346e3 | IMAGE_RECOMMENDATION_COMPLETE | mode=soft_category | category=Tops | confidence=0.2787 | ranking=0.0133s | total=0.0952s
2026-09-29 20:34:34 | INFO | TEXT_SEARCH | query='swimsuit' | top_k=5 | image_weight=0.15 | elapsed=0.0474s
2026-09-29 20:34:37 | INFO | TEXT_SEARCH | query='swimsuit' | top_k=5 | image_weight=0.80 | elapsed=0.0388s
2026-09-29 20:34:49 | INFO | TEXT_SEARCH | query='swimsuit' | top_k=5 | image_weight=0.60 | elapsed=0.0395s
2026-09-29 20:34:58 | INFO | TEXT_SEARCH | query='swimming suits.' | top_k=5 | image_weight=0.60 | elapsed=0.0430s
2026-09-29 20:35:48 | INFO | request=d728f0e1 | CATEGORY | predicted=Shorts | confidence=0.6465
2026-09-29 20:35:48 | INFO | request=d728f0e1 | CATEGORY_CANDIDATE | rank=1 | category=Shorts | score=12.442766
2026-09-29 20:35:48 | INFO | request=d728f0e1 | CATEGORY_CANDIDATE | rank=2 | category=Capris | score=2.146484
2026-09-29 20:35:48 | INFO | request=d728f0e1 | CATEGORY_CANDIDATE | rank=3 | category=Skirts | score=1.482374
2026-09-29 20:35:48 | INFO | request=d728f0e1 | CATEGORY_CANDIDATE | rank=4 | category=Boxers | score=1.360399
2026-09-29 20:35:48 | INFO | request=d728f0e1 | CATEGORY_CANDIDATE | rank=5 | category=Lounge Shorts | score=0.790974
2026-09-29 20:35:48 | INFO | request=d728f0e1 | IMAGE_RECOMMENDATION_COMPLETE | mode=soft_category | category=Shorts | confidence=0.6465 | ranking=0.0077s | total=0.0902s
2026-09-29 20:35:50 | INFO | request=5d872df5 | CATEGORY | predicted=Shorts | confidence=0.6465
2026-09-29 20:35:50 | INFO | request=5d872df5 | CATEGORY_CANDIDATE | rank=1 | category=Shorts | score=12.442766
2026-09-29 20:35:50 | INFO | request=5d872df5 | CATEGORY_CANDIDATE | rank=2 | category=Capris | score=2.146484
2026-09-29 20:35:50 | INFO | request=5d872df5 | CATEGORY_CANDIDATE | rank=3 | category=Skirts | score=1.482374
2026-09-29 20:35:50 | INFO | request=5d872df5 | CATEGORY_CANDIDATE | rank=4 | category=Boxers | score=1.360399
2026-09-29 20:35:50 | INFO | request=5d872df5 | CATEGORY_CANDIDATE | rank=5 | category=Lounge Shorts | score=0.790974
2026-09-29 20:35:50 | INFO | request=5d872df5 | IMAGE_RECOMMENDATION_COMPLETE | mode=soft_category | category=Shorts | confidence=0.6465 | ranking=0.0084s | total=0.0896s
2026-09-29 20:35:55 | INFO | request=080c1c6d | CATEGORY | predicted=Shorts | confidence=0.6465
2026-09-29 20:35:55 | INFO | request=080c1c6d | CATEGORY_CANDIDATE | rank=1 | category=Shorts | score=12.442766
2026-09-29 20:35:55 | INFO | request=080c1c6d | CATEGORY_CANDIDATE | rank=2 | category=Capris | score=2.146484
2026-09-29 20:35:55 | INFO | request=080c1c6d | CATEGORY_CANDIDATE | rank=3 | category=Skirts | score=1.482374
2026-09-29 20:35:55 | INFO | request=080c1c6d | CATEGORY_CANDIDATE | rank=4 | category=Boxers | score=1.360399
2026-09-29 20:35:55 | INFO | request=080c1c6d | CATEGORY_CANDIDATE | rank=5 | category=Lounge Shorts | score=0.790974
2026-09-29 20:35:55 | INFO | request=080c1c6d | IMAGE_RECOMMENDATION_COMPLETE | mode=soft_category | category=Shorts | confidence=0.6465 | ranking=0.0107s | total=0.0903s
2026-09-29 20:36:22 | INFO | request=77908753 | IMAGE_RECOMMENDATION_COMPLETE | mode=no_category | category=not_used | confidence=not_used | ranking=0.0068s | total=0.1227s
2026-09-29 20:37:15 | INFO | request=5ac06c12 | CATEGORY | predicted=Socks | confidence=1.0000
2026-09-29 20:37:15 | INFO | request=5ac06c12 | CATEGORY_CANDIDATE | rank=1 | category=Socks | score=18.824605
2026-09-29 20:37:15 | INFO | request=5ac06c12 | IMAGE_RECOMMENDATION_COMPLETE | mode=soft_category | category=Socks | confidence=1.0000 | ranking=0.0138s | total=0.0969s
2026-09-29 20:37:26 | INFO | request=8fb13997 | CATEGORY | predicted=Handbags | confidence=0.9441
2026-09-29 20:37:26 | INFO | request=8fb13997 | CATEGORY_CANDIDATE | rank=1 | category=Handbags | score=25.876212
2026-09-29 20:37:26 | INFO | request=8fb13997 | CATEGORY_CANDIDATE | rank=2 | category=Duffel Bag | score=0.977147
2026-09-29 20:37:26 | INFO | request=8fb13997 | CATEGORY_CANDIDATE | rank=3 | category=Clutches | score=0.554877
2026-09-29 20:37:26 | INFO | request=8fb13997 | IMAGE_RECOMMENDATION_COMPLETE | mode=soft_category | category=Handbags | confidence=0.9441 | ranking=0.0193s | total=0.1097s
2026-09-29 20:37:54 | INFO | request=63256441 | CATEGORY | predicted=Belts | confidence=0.7192
2026-09-29 20:37:54 | INFO | request=63256441 | CATEGORY_CANDIDATE | rank=1 | category=Belts | score=13.811602
2026-09-29 20:37:54 | INFO | request=63256441 | CATEGORY_CANDIDATE | rank=2 | category=Sunglasses | score=3.192591
2026-09-29 20:37:54 | INFO | request=63256441 | CATEGORY_CANDIDATE | rank=3 | category=Bangle | score=0.827631
2026-09-29 20:37:54 | INFO | request=63256441 | CATEGORY_CANDIDATE | rank=4 | category=Bracelet | score=0.677370
2026-09-29 20:37:54 | INFO | request=63256441 | CATEGORY_CANDIDATE | rank=5 | category=Heels | score=0.357002
2026-09-29 20:37:54 | INFO | request=63256441 | IMAGE_RECOMMENDATION_COMPLETE | mode=soft_category | category=Belts | confidence=0.7192 | ranking=0.0110s | total=0.1016s
2026-09-29 20:38:51 | INFO | TEXT_SEARCH | query='Long skirt and shorts.' | top_k=5 | image_weight=0.40 | elapsed=0.0492s
2026-09-29 20:38:55 | INFO | TEXT_SEARCH | query='Long skirt and shorts.' | top_k=5 | image_weight=0.50 | elapsed=0.0534s
2026-09-29 20:41:25 | INFO | request=cf2f70c2 | CATEGORY | predicted=Shirts | confidence=0.3507
2026-09-29 20:41:25 | INFO | request=cf2f70c2 | CATEGORY_CANDIDATE | rank=1 | category=Shirts | score=0.724665
2026-09-29 20:41:25 | INFO | request=cf2f70c2 | CATEGORY_CANDIDATE | rank=2 | category=Tshirts | score=0.261522
2026-09-29 20:41:25 | INFO | request=cf2f70c2 | CATEGORY_CANDIDATE | rank=3 | category=Jeans | score=0.242066
2026-09-29 20:41:25 | INFO | request=cf2f70c2 | CATEGORY_CANDIDATE | rank=4 | category=Trousers | score=0.215553
2026-09-29 20:41:25 | INFO | request=cf2f70c2 | CATEGORY_CANDIDATE | rank=5 | category=Ties | score=0.164472
2026-09-29 20:41:25 | INFO | request=cf2f70c2 | IMAGE_RECOMMENDATION_COMPLETE | mode=hard_category | category=Shirts | confidence=0.3507 | ranking=0.0044s | total=0.1142s
2026-09-29 20:42:01 | INFO | request=4ceeab75 | CATEGORY | predicted=Shirts | confidence=0.6106
2026-09-29 20:42:01 | INFO | request=4ceeab75 | CATEGORY_CANDIDATE | rank=1 | category=Shirts | score=11.147215
2026-09-29 20:42:01 | INFO | request=4ceeab75 | CATEGORY_CANDIDATE | rank=2 | category=Trousers | score=6.722589
2026-09-29 20:42:01 | INFO | request=4ceeab75 | CATEGORY_CANDIDATE | rank=3 | category=Blazers | score=0.385636
2026-09-29 20:42:01 | INFO | request=4ceeab75 | IMAGE_RECOMMENDATION_COMPLETE | mode=soft_category | category=Shirts | confidence=0.6106 | ranking=0.0120s | total=0.0880s
2026-09-29 20:42:42 | INFO | request=2931b74a | CATEGORY | predicted=Shirts | confidence=0.8854
2026-09-29 20:42:42 | INFO | request=2931b74a | CATEGORY_CANDIDATE | rank=1 | category=Shirts | score=2.319868
2026-09-29 20:42:42 | INFO | request=2931b74a | CATEGORY_CANDIDATE | rank=2 | category=Tshirts | score=0.198263
2026-09-29 20:42:42 | INFO | request=2931b74a | CATEGORY_CANDIDATE | rank=3 | category=Kurtas | score=0.054655
2026-09-29 20:42:42 | INFO | request=2931b74a | CATEGORY_CANDIDATE | rank=4 | category=Nightdress | score=0.047253
2026-09-29 20:42:42 | INFO | request=2931b74a | IMAGE_RECOMMENDATION_COMPLETE | mode=soft_category | category=Shirts | confidence=0.8854 | ranking=0.0117s | total=0.0981s
2026-09-29 20:44:03 | INFO | TEXT_SEARCH | query='short black dress' | top_k=5 | image_weight=0.50 | elapsed=0.0381s
2026-09-29 20:44:23 | INFO | TEXT_SEARCH | query='short dress' | top_k=5 | image_weight=0.10 | elapsed=0.0278s
2026-09-29 20:44:26 | INFO | TEXT_SEARCH | query='short dress' | top_k=5 | image_weight=0.60 | elapsed=0.0304s
2026-09-29 20:45:15 | INFO | request=70ab9a05 | CATEGORY | predicted=Wallets | confidence=0.8675
2026-09-29 20:45:15 | INFO | request=70ab9a05 | CATEGORY_CANDIDATE | rank=1 | category=Wallets | score=11.151422
2026-09-29 20:45:15 | INFO | request=70ab9a05 | CATEGORY_CANDIDATE | rank=2 | category=Clutches | score=1.006563
2026-09-29 20:45:15 | INFO | request=70ab9a05 | CATEGORY_CANDIDATE | rank=3 | category=Handbags | score=0.461672
2026-09-29 20:45:15 | INFO | request=70ab9a05 | CATEGORY_CANDIDATE | rank=4 | category=Duffel Bag | score=0.234332
2026-09-29 20:45:15 | INFO | request=70ab9a05 | IMAGE_RECOMMENDATION_COMPLETE | mode=soft_category | category=Wallets | confidence=0.8675 | ranking=0.0153s | total=0.1036s
2026-09-29 20:45:18 | INFO | request=606c4c9b | IMAGE_RECOMMENDATION_COMPLETE | mode=no_category | category=not_used | confidence=not_used | ranking=0.0153s | total=0.0837s
2026-09-29 23:24:13 | INFO | Initializing Fashion Recommender
2026-09-29 23:24:13 | INFO | Device=cpu
2026-09-29 23:24:13 | INFO | Loading CLIP model
2026-09-29 23:24:14 | INFO | Loaded products=5,000
2026-09-29 23:24:14 | INFO | Loaded categories=142
2026-09-29 23:24:14 | INFO | Recommender initialized successfully
2026-09-29 23:25:27 | INFO | request=72e33372 | CATEGORY | predicted=Shirts | confidence=0.5568
2026-09-29 23:25:27 | INFO | request=72e33372 | CATEGORY_CANDIDATE | rank=1 | category=Shirts | score=0.074309
2026-09-29 23:25:27 | INFO | request=72e33372 | CATEGORY_CANDIDATE | rank=2 | category=Tshirts | score=0.059141
2026-09-29 23:25:27 | INFO | request=72e33372 | CATEGORY_CANDIDATE | rank=3 | category=Jeans | score=0.049575
2026-09-29 23:25:27 | INFO | request=72e33372 | CATEGORY_CANDIDATE | rank=4 | category=Innerwear Vests | score=0.035621
2026-09-29 23:25:27 | INFO | request=72e33372 | CATEGORY_CANDIDATE | rank=5 | category=Trousers | score=0.034697
2026-09-29 23:25:27 | INFO | request=72e33372 | CATEGORY_FALLBACK | predicted=Shirts | confidence=0.5568 | threshold=0.6000 | applied=no_category
2026-09-29 23:25:27 | INFO | request=72e33372 | IMAGE_RECOMMENDATION_COMPLETE | requested_mode=soft_category | mode=no_category | category=not_used | confidence=not_used | ranking=0.0265s | total=0.1460s
2026-09-29 23:25:37 | INFO | request=89248680 | CATEGORY | predicted=Shirts | confidence=0.5568
2026-09-29 23:25:37 | INFO | request=89248680 | CATEGORY_CANDIDATE | rank=1 | category=Shirts | score=0.074309
2026-09-29 23:25:37 | INFO | request=89248680 | CATEGORY_CANDIDATE | rank=2 | category=Tshirts | score=0.059141
2026-09-29 23:25:37 | INFO | request=89248680 | CATEGORY_CANDIDATE | rank=3 | category=Jeans | score=0.049575
2026-09-29 23:25:37 | INFO | request=89248680 | CATEGORY_CANDIDATE | rank=4 | category=Innerwear Vests | score=0.035621
2026-09-29 23:25:37 | INFO | request=89248680 | CATEGORY_CANDIDATE | rank=5 | category=Trousers | score=0.034697
2026-09-29 23:25:37 | INFO | request=89248680 | CATEGORY_FALLBACK | predicted=Shirts | confidence=0.5568 | threshold=0.6000 | applied=no_category
2026-09-29 23:25:37 | INFO | request=89248680 | IMAGE_RECOMMENDATION_COMPLETE | requested_mode=soft_category | mode=no_category | category=not_used | confidence=not_used | ranking=0.0145s | total=0.1135s
2026-09-29 23:26:17 | INFO | request=447e1bd8 | IMAGE_RECOMMENDATION_COMPLETE | requested_mode=no_category | mode=no_category | category=not_used | confidence=not_used | ranking=0.0143s | total=0.0982s
2026-10-01 09:07:49 | INFO | Initializing Fashion Recommender
2026-10-01 09:07:49 | INFO | Device=cpu
2026-10-01 09:07:49 | INFO | Loading CLIP model
2026-10-01 09:07:51 | INFO | Loaded products=5,000
2026-10-01 09:07:51 | INFO | Loaded categories=142
2026-10-01 09:07:51 | INFO | Recommender initialized successfully
2026-10-01 09:08:37 | INFO | request=5816b4f0 | CATEGORY | predicted=Blazers | confidence=0.5308
2026-10-01 09:08:37 | INFO | request=5816b4f0 | CATEGORY_CANDIDATE | rank=1 | category=Blazers | score=0.440042
2026-10-01 09:08:37 | INFO | request=5816b4f0 | CATEGORY_CANDIDATE | rank=2 | category=Trousers | score=0.389006
2026-10-01 09:08:37 | INFO | request=5816b4f0 | CATEGORY_CANDIDATE | rank=3 | category=Tshirts | score=0.347504
2026-10-01 09:08:37 | INFO | request=5816b4f0 | CATEGORY_CANDIDATE | rank=4 | category=Shirts | score=0.339811
2026-10-01 09:08:37 | INFO | request=5816b4f0 | CATEGORY_CANDIDATE | rank=5 | category=Ties | score=0.281209
2026-10-01 09:08:37 | INFO | request=5816b4f0 | CATEGORY_FALLBACK | predicted=Blazers | confidence=0.5308 | threshold=0.6000 | applied=no_category
2026-10-01 09:08:37 | INFO | request=5816b4f0 | IMAGE_RECOMMENDATION_COMPLETE | requested_mode=soft_category | mode=no_category | category=not_used | confidence=not_used | ranking=0.0123s | total=0.1220s
2026-10-01 09:08:42 | INFO | request=79996e78 | CATEGORY | predicted=Blazers | confidence=0.5308
2026-10-01 09:08:42 | INFO | request=79996e78 | CATEGORY_CANDIDATE | rank=1 | category=Blazers | score=0.440042
2026-10-01 09:08:42 | INFO | request=79996e78 | CATEGORY_CANDIDATE | rank=2 | category=Trousers | score=0.389006
2026-10-01 09:08:42 | INFO | request=79996e78 | CATEGORY_CANDIDATE | rank=3 | category=Tshirts | score=0.347504
2026-10-01 09:08:42 | INFO | request=79996e78 | CATEGORY_CANDIDATE | rank=4 | category=Shirts | score=0.339811
2026-10-01 09:08:42 | INFO | request=79996e78 | CATEGORY_CANDIDATE | rank=5 | category=Ties | score=0.281209
2026-10-01 09:08:42 | INFO | request=79996e78 | CATEGORY_FALLBACK | predicted=Blazers | confidence=0.5308 | threshold=0.6000 | applied=no_category
2026-10-01 09:08:42 | INFO | request=79996e78 | IMAGE_RECOMMENDATION_COMPLETE | requested_mode=soft_category | mode=no_category | category=not_used | confidence=not_used | ranking=0.0185s | total=0.2352s
2026-10-01 09:09:02 | INFO | request=cfd725a0 | CATEGORY | predicted=Dresses | confidence=0.5453
2026-10-01 09:09:02 | INFO | request=cfd725a0 | CATEGORY_CANDIDATE | rank=1 | category=Dresses | score=0.592168
2026-10-01 09:09:02 | INFO | request=cfd725a0 | CATEGORY_CANDIDATE | rank=2 | category=Tops | score=0.493741
2026-10-01 09:09:02 | INFO | request=cfd725a0 | CATEGORY_CANDIDATE | rank=3 | category=Kurtas | score=0.471255
2026-10-01 09:09:02 | INFO | request=cfd725a0 | CATEGORY_CANDIDATE | rank=4 | category=Tunics | score=0.407157
2026-10-01 09:09:02 | INFO | request=cfd725a0 | CATEGORY_CANDIDATE | rank=5 | category=Tshirts | score=0.396072
2026-10-01 09:09:02 | INFO | request=cfd725a0 | CATEGORY_FALLBACK | predicted=Dresses | confidence=0.5453 | threshold=0.6000 | applied=no_category
2026-10-01 09:09:02 | INFO | request=cfd725a0 | IMAGE_RECOMMENDATION_COMPLETE | requested_mode=soft_category | mode=no_category | category=not_used | confidence=not_used | ranking=0.0128s | total=0.1111s
2026-10-01 09:09:08 | INFO | request=2cb3fec1 | CATEGORY | predicted=Shirts | confidence=0.5568
2026-10-01 09:09:08 | INFO | request=2cb3fec1 | CATEGORY_CANDIDATE | rank=1 | category=Shirts | score=0.074309
2026-10-01 09:09:08 | INFO | request=2cb3fec1 | CATEGORY_CANDIDATE | rank=2 | category=Tshirts | score=0.059141
2026-10-01 09:09:08 | INFO | request=2cb3fec1 | CATEGORY_CANDIDATE | rank=3 | category=Jeans | score=0.049575
2026-10-01 09:09:08 | INFO | request=2cb3fec1 | CATEGORY_CANDIDATE | rank=4 | category=Innerwear Vests | score=0.035621
2026-10-01 09:09:08 | INFO | request=2cb3fec1 | CATEGORY_CANDIDATE | rank=5 | category=Trousers | score=0.034697
2026-10-01 09:09:08 | INFO | request=2cb3fec1 | CATEGORY_FALLBACK | predicted=Shirts | confidence=0.5568 | threshold=0.6000 | applied=no_category
2026-10-01 09:09:08 | INFO | request=2cb3fec1 | IMAGE_RECOMMENDATION_COMPLETE | requested_mode=soft_category | mode=no_category | category=not_used | confidence=not_used | ranking=0.0129s | total=0.1559s
2026-10-01 09:10:13 | INFO | request=551b3db4 | CATEGORY | predicted=Bath Robe | confidence=0.5128
2026-10-01 09:10:13 | INFO | request=551b3db4 | CATEGORY_CANDIDATE | rank=1 | category=Bath Robe | score=0.342008
2026-10-01 09:10:13 | INFO | request=551b3db4 | CATEGORY_CANDIDATE | rank=2 | category=Kurtas | score=0.324919
2026-10-01 09:10:13 | INFO | request=551b3db4 | CATEGORY_CANDIDATE | rank=3 | category=Dresses | score=0.306813
2026-10-01 09:10:13 | INFO | request=551b3db4 | CATEGORY_CANDIDATE | rank=4 | category=Tunics | score=0.291214
2026-10-01 09:10:13 | INFO | request=551b3db4 | CATEGORY_CANDIDATE | rank=5 | category=Robe | score=0.262672
2026-10-01 09:10:13 | INFO | request=551b3db4 | CATEGORY_FALLBACK | predicted=Bath Robe | confidence=0.5128 | threshold=0.6000 | applied=no_category
2026-10-01 09:10:13 | INFO | request=551b3db4 | IMAGE_RECOMMENDATION_COMPLETE | requested_mode=soft_category | mode=no_category | category=not_used | confidence=not_used | ranking=0.0147s | total=0.1331s
