2026-08-21 01:11:31 | INFO | Initializing Fashion Recommender
2026-08-21 01:11:31 | INFO | Device=cpu
2026-08-21 01:11:31 | INFO | Loading CLIP model
2026-08-21 01:11:44 | INFO | Loaded products=5,000
2026-08-21 01:11:44 | INFO | Loaded categories=119
2026-08-21 01:11:44 | INFO | Recommender initialized successfully
2026-08-21 01:12:48 | INFO | request=2929ad87 | IMAGE_UPLOAD | filename=images.jpg | size=34301
2026-08-21 01:12:57 | INFO | request=47892cb7 | IMAGE_UPLOAD | filename=images.jpg | size=34301
2026-08-21 01:12:57 | INFO | request=47892cb7 | RECOMMENDATION_STARTED | top_k=5
2026-08-21 01:12:57 | INFO | request=47892cb7 | ENCODE_IMAGE | started
2026-08-21 01:12:58 | INFO | request=47892cb7 | CATEGORY | predicted=Tops | confidence=0.3424
2026-08-21 01:12:58 | INFO | request=47892cb7 | CATEGORY_CANDIDATE | rank=1 | category=Tops | score=4.493670
2026-08-21 01:12:58 | INFO | request=47892cb7 | CATEGORY_CANDIDATE | rank=2 | category=Bra | score=1.555065
2026-08-21 01:12:58 | INFO | request=47892cb7 | CATEGORY_CANDIDATE | rank=3 | category=Jeans | score=1.528301
2026-08-21 01:12:58 | INFO | request=47892cb7 | CATEGORY_CANDIDATE | rank=4 | category=Shorts | score=0.822257
2026-08-21 01:12:58 | INFO | request=47892cb7 | CATEGORY_CANDIDATE | rank=5 | category=Dresses | score=0.810552
2026-08-21 01:12:58 | INFO | request=47892cb7 | FILTER | category=Tops | candidates=188
2026-08-21 01:12:58 | INFO | request=47892cb7 | RESULT | rank=1 | product=Elle Women Black Tank Top | category=Tops | similarity=0.7659
2026-08-21 01:12:58 | INFO | request=47892cb7 | RESULT | rank=2 | product=Van Heusen Woman Pink Top | category=Tops | similarity=0.7253
2026-08-21 01:12:58 | INFO | request=47892cb7 | RESULT | rank=3 | product=French Connection Women Black Top | category=Tops | similarity=0.7233
2026-08-21 01:12:58 | INFO | request=47892cb7 | RESULT | rank=4 | product=Tonga Women Coral Top | category=Tops | similarity=0.7213
2026-08-21 01:12:58 | INFO | request=47892cb7 | RESULT | rank=5 | product=Forever New Women Peony Peach Top | category=Tops | similarity=0.7198
2026-08-21 01:12:58 | INFO | request=47892cb7 | COMPLETE | category=Tops | confidence=0.3424 | top_k=5 | processing_time=1.5638s
2026-08-21 01:12:59 | INFO | request=47892cb7 | UI_COMPLETE | processing_time=1.6919s
2026-08-21 01:35:53 | INFO | request=f99efb0a | IMAGE_UPLOAD | filename=images.jpg | size=34301
2026-08-21 01:35:56 | INFO | request=23e39bbc | IMAGE_UPLOAD | filename=images.jpg | size=34301
2026-08-21 01:35:56 | INFO | request=23e39bbc | RECOMMENDATION_STARTED | top_k=10
2026-08-21 01:35:56 | INFO | request=23e39bbc | ENCODE_IMAGE | started
2026-08-21 01:35:56 | INFO | request=23e39bbc | CATEGORY | predicted=Tops | confidence=0.3424
2026-08-21 01:35:56 | INFO | request=23e39bbc | CATEGORY_CANDIDATE | rank=1 | category=Tops | score=4.493670
2026-08-21 01:35:56 | INFO | request=23e39bbc | CATEGORY_CANDIDATE | rank=2 | category=Bra | score=1.555065
2026-08-21 01:35:56 | INFO | request=23e39bbc | CATEGORY_CANDIDATE | rank=3 | category=Jeans | score=1.528301
2026-08-21 01:35:56 | INFO | request=23e39bbc | CATEGORY_CANDIDATE | rank=4 | category=Shorts | score=0.822257
2026-08-21 01:35:56 | INFO | request=23e39bbc | CATEGORY_CANDIDATE | rank=5 | category=Dresses | score=0.810552
2026-08-21 01:35:56 | INFO | request=23e39bbc | FILTER | category=Tops | candidates=188
2026-08-21 01:35:56 | INFO | request=23e39bbc | RESULT | rank=1 | product=Elle Women Black Tank Top | category=Tops | similarity=0.7659
2026-08-21 01:35:56 | INFO | request=23e39bbc | RESULT | rank=2 | product=Van Heusen Woman Pink Top | category=Tops | similarity=0.7253
2026-08-21 01:35:56 | INFO | request=23e39bbc | RESULT | rank=3 | product=French Connection Women Black Top | category=Tops | similarity=0.7233
2026-08-21 01:35:56 | INFO | request=23e39bbc | RESULT | rank=4 | product=Tonga Women Coral Top | category=Tops | similarity=0.7213
2026-08-21 01:35:56 | INFO | request=23e39bbc | RESULT | rank=5 | product=Forever New Women Peony Peach Top | category=Tops | similarity=0.7198
2026-08-21 01:35:56 | INFO | request=23e39bbc | RESULT | rank=6 | product=Myntra Women Off White Printed Top | category=Tops | similarity=0.7162
2026-08-21 01:35:56 | INFO | request=23e39bbc | RESULT | rank=7 | product=Wills Lifestyle Women White Top | category=Tops | similarity=0.7144
2026-08-21 01:35:56 | INFO | request=23e39bbc | RESULT | rank=8 | product=Forever New Women Golden Prints Cream Top | category=Tops | similarity=0.7144
2026-08-21 01:35:56 | INFO | request=23e39bbc | RESULT | rank=9 | product=Arrow Woman Printed Multi Coloured Top | category=Tops | similarity=0.7143
2026-08-21 01:35:56 | INFO | request=23e39bbc | RESULT | rank=10 | product=Elle Women Magenta Tube Top | category=Tops | similarity=0.7126
2026-08-21 01:35:56 | INFO | request=23e39bbc | COMPLETE | category=Tops | confidence=0.3424 | top_k=10 | processing_time=0.4397s
2026-08-21 01:35:56 | INFO | request=23e39bbc | UI_COMPLETE | processing_time=0.7018s
2026-08-21 02:31:08 | INFO | Initializing Fashion Recommender
2026-08-21 02:31:08 | INFO | Device=cpu
2026-08-21 02:31:08 | INFO | Loading CLIP model
2026-08-21 02:31:25 | ERROR | MODEL_INIT_FAILED | error='category'
Traceback (most recent call last):
  File "D:\project\.venv\Lib\site-packages\pandas\core\indexes\base.py", line 3641, in get_loc
    return self._engine.get_loc(casted_key)
           ~~~~~~~~~~~~~~~~~~~~^^^^^^^^^^^^
  File "pandas/_libs/index.pyx", line 168, in pandas._libs.index.IndexEngine.get_loc
  File "pandas/_libs/index.pyx", line 197, in pandas._libs.index.IndexEngine.get_loc
  File "pandas/_libs/hashtable_class_helper.pxi", line 7668, in pandas._libs.hashtable.PyObjectHashTable.get_item
  File "pandas/_libs/hashtable_class_helper.pxi", line 7676, in pandas._libs.hashtable.PyObjectHashTable.get_item
KeyError: 'category'

The above exception was the direct cause of the following exception:

Traceback (most recent call last):
  File "D:\project\app.py", line 61, in <module>
    load_recommender()
    ~~~~~~~~~~~~~~~~^^
  File "D:\project\.venv\Lib\site-packages\streamlit\runtime\caching\cache_utils.py", line 471, in __call__
    return self._get_or_create_cached_value(args, kwargs, spinner_message)
           ~~~~~~~~~~~~~~~~~~~~~~~~~~~~~~~~^^^^^^^^^^^^^^^^^^^^^^^^^^^^^^^
  File "D:\project\.venv\Lib\site-packages\streamlit\runtime\caching\cache_utils.py", line 527, in _get_or_create_cached_value
    return self._handle_cache_miss(cache, value_key, func_args, func_kwargs)
           ~~~~~~~~~~~~~~~~~~~~~~~^^^^^^^^^^^^^^^^^^^^^^^^^^^^^^^^^^^^^^^^^^
  File "D:\project\.venv\Lib\site-packages\streamlit\runtime\caching\cache_utils.py", line 589, in _handle_cache_miss
    computed_value = self._info.func(*func_args, **func_kwargs)
  File "D:\project\app.py", line 55, in load_recommender
    return FashionRecommender()
  File "D:\project\src\recommend.py", line 136, in __init__
    self.products[
    ~~~~~~~~~~~~~^
        "category"
        ^^^^^^^^^^
    ]
    ^
  File "D:\project\.venv\Lib\site-packages\pandas\core\frame.py", line 4378, in __getitem__
    indexer = self.columns.get_loc(key)
  File "D:\project\.venv\Lib\site-packages\pandas\core\indexes\base.py", line 3648, in get_loc
    raise KeyError(key) from err
KeyError: 'category'
2026-08-21 03:01:16 | INFO | Initializing Fashion Recommender
2026-08-21 03:01:16 | INFO | Device=cpu
2026-08-21 03:01:16 | INFO | Loading CLIP model
2026-08-21 03:01:26 | INFO | Loaded products=5,015
2026-08-21 03:01:26 | INFO | Loaded categories=142
2026-08-21 03:01:26 | INFO | Recommender initialized successfully
2026-08-21 03:01:57 | INFO | request=d62434dd | IMAGE_UPLOAD | filename=images.jpg | size=34301
2026-08-21 03:02:03 | INFO | request=ae9d18d4 | IMAGE_UPLOAD | filename=images.jpg | size=34301
2026-08-21 03:02:03 | INFO | request=ae9d18d4 | RECOMMENDATION_STARTED | top_k=5
2026-08-21 03:02:03 | INFO | request=ae9d18d4 | ENCODE_IMAGE | started
2026-08-21 03:02:04 | INFO | request=ae9d18d4 | CATEGORY | predicted=Tops | confidence=0.3096
2026-08-21 03:02:04 | INFO | request=ae9d18d4 | CATEGORY_CANDIDATE | rank=1 | category=Tops | score=4.114034
2026-08-21 03:02:04 | INFO | request=ae9d18d4 | CATEGORY_CANDIDATE | rank=2 | category=Bra | score=2.939815
2026-08-21 03:02:04 | INFO | request=ae9d18d4 | CATEGORY_CANDIDATE | rank=3 | category=Dresses | score=1.048615
2026-08-21 03:02:04 | INFO | request=ae9d18d4 | CATEGORY_CANDIDATE | rank=4 | category=Camisoles | score=0.776157
2026-08-21 03:02:04 | INFO | request=ae9d18d4 | CATEGORY_CANDIDATE | rank=5 | category=Shorts | score=0.572103
2026-08-21 03:02:04 | INFO | request=ae9d18d4 | FILTER | category=Tops | candidates=198
2026-08-21 03:02:04 | INFO | request=ae9d18d4 | RESULT | rank=1 | product=Elle Women Black Retro Top | category=Tops | similarity=0.7601
2026-08-21 03:02:04 | INFO | request=ae9d18d4 | RESULT | rank=2 | product=Jealous 21 Women Pink Flowery Halter Neck Top | category=Tops | similarity=0.7389
2026-08-21 03:02:04 | INFO | request=ae9d18d4 | RESULT | rank=3 | product=Forever New Women White Lace  Top | category=Tops | similarity=0.7351
2026-08-21 03:02:04 | INFO | request=ae9d18d4 | RESULT | rank=4 | product=Allen Solly Woman Cream Top | category=Tops | similarity=0.7303
2026-08-21 03:02:04 | INFO | request=ae9d18d4 | RESULT | rank=5 | product=UCB Women's Rollup Armhole White T-shirt | category=Tops | similarity=0.7287
2026-08-21 03:02:04 | INFO | request=ae9d18d4 | COMPLETE | category=Tops | confidence=0.3096 | top_k=5 | processing_time=0.6286s
2026-08-21 03:02:04 | INFO | request=ae9d18d4 | UI_COMPLETE | processing_time=0.7428s
2026-08-21 03:02:15 | INFO | request=62eb2d0a | IMAGE_UPLOAD | filename=images.jpg | size=34301
2026-08-21 03:02:17 | INFO | request=bb3c12fa | IMAGE_UPLOAD | filename=images.jpg | size=34301
2026-08-21 03:02:17 | INFO | request=bb3c12fa | RECOMMENDATION_STARTED | top_k=10
2026-08-21 03:02:17 | INFO | request=bb3c12fa | ENCODE_IMAGE | started
2026-08-21 03:02:17 | INFO | request=bb3c12fa | CATEGORY | predicted=Tops | confidence=0.3096
2026-08-21 03:02:17 | INFO | request=bb3c12fa | CATEGORY_CANDIDATE | rank=1 | category=Tops | score=4.114034
2026-08-21 03:02:17 | INFO | request=bb3c12fa | CATEGORY_CANDIDATE | rank=2 | category=Bra | score=2.939815
2026-08-21 03:02:17 | INFO | request=bb3c12fa | CATEGORY_CANDIDATE | rank=3 | category=Dresses | score=1.048615
2026-08-21 03:02:17 | INFO | request=bb3c12fa | CATEGORY_CANDIDATE | rank=4 | category=Camisoles | score=0.776157
2026-08-21 03:02:17 | INFO | request=bb3c12fa | CATEGORY_CANDIDATE | rank=5 | category=Shorts | score=0.572103
2026-08-21 03:02:17 | INFO | request=bb3c12fa | FILTER | category=Tops | candidates=198
2026-08-21 03:02:17 | INFO | request=bb3c12fa | RESULT | rank=1 | product=Elle Women Black Retro Top | category=Tops | similarity=0.7601
2026-08-21 03:02:17 | INFO | request=bb3c12fa | RESULT | rank=2 | product=Jealous 21 Women Pink Flowery Halter Neck Top | category=Tops | similarity=0.7389
2026-08-21 03:02:17 | INFO | request=bb3c12fa | RESULT | rank=3 | product=Forever New Women White Lace  Top | category=Tops | similarity=0.7351
2026-08-21 03:02:17 | INFO | request=bb3c12fa | RESULT | rank=4 | product=Allen Solly Woman Cream Top | category=Tops | similarity=0.7303
2026-08-21 03:02:17 | INFO | request=bb3c12fa | RESULT | rank=5 | product=UCB Women's Rollup Armhole White T-shirt | category=Tops | similarity=0.7287
2026-08-21 03:02:17 | INFO | request=bb3c12fa | RESULT | rank=6 | product=Latin Quarters Women Green Top | category=Tops | similarity=0.7267
2026-08-21 03:02:17 | INFO | request=bb3c12fa | RESULT | rank=7 | product=Forever New Women Floral Trendy Purple Top | category=Tops | similarity=0.7260
2026-08-21 03:02:17 | INFO | request=bb3c12fa | RESULT | rank=8 | product=Forever New Women Peach With Polka Dots Top | category=Tops | similarity=0.7229
2026-08-21 03:02:17 | INFO | request=bb3c12fa | RESULT | rank=9 | product=Forever New Women Peach Floral Lace Neckline Peach Top | category=Tops | similarity=0.7173
2026-08-21 03:02:17 | INFO | request=bb3c12fa | RESULT | rank=10 | product=Jealous 21 Women's Multi Color Floral Top | category=Tops | similarity=0.7167
2026-08-21 03:02:17 | INFO | request=bb3c12fa | COMPLETE | category=Tops | confidence=0.3096 | top_k=10 | processing_time=0.3683s
2026-08-21 03:02:17 | INFO | request=bb3c12fa | UI_COMPLETE | processing_time=0.5276s
2026-08-21 03:05:37 | INFO | request=92970fef | IMAGE_UPLOAD | filename=images.jpg | size=25583
2026-08-21 03:05:38 | INFO | request=c3f1915d | IMAGE_UPLOAD | filename=images.jpg | size=25583
2026-08-21 03:05:39 | INFO | request=c3f1915d | RECOMMENDATION_STARTED | top_k=5
2026-08-21 03:05:39 | INFO | request=c3f1915d | ENCODE_IMAGE | started
2026-08-21 03:05:39 | INFO | request=c3f1915d | CATEGORY | predicted=Shirts | confidence=0.5206
2026-08-21 03:05:39 | INFO | request=c3f1915d | CATEGORY_CANDIDATE | rank=1 | category=Shirts | score=5.977567
2026-08-21 03:05:39 | INFO | request=c3f1915d | CATEGORY_CANDIDATE | rank=2 | category=Jeans | score=2.020574
2026-08-21 03:05:39 | INFO | request=c3f1915d | CATEGORY_CANDIDATE | rank=3 | category=Tshirts | score=1.319147
2026-08-21 03:05:39 | INFO | request=c3f1915d | CATEGORY_CANDIDATE | rank=4 | category=Jackets | score=1.043258
2026-08-21 03:05:39 | INFO | request=c3f1915d | CATEGORY_CANDIDATE | rank=5 | category=Sweaters | score=0.424329
2026-08-21 03:05:39 | INFO | request=c3f1915d | FILTER | category=Shirts | candidates=362
2026-08-21 03:05:39 | INFO | request=c3f1915d | RESULT | rank=1 | product=Arrow Men Striped Grey Slim Fit Shirt | category=Shirts | similarity=0.7473
2026-08-21 03:05:39 | INFO | request=c3f1915d | RESULT | rank=2 | product=Arrow New York Men Black Check Shirt | category=Shirts | similarity=0.7449
2026-08-21 03:05:39 | INFO | request=c3f1915d | RESULT | rank=3 | product=United Colors of Benetton Men Blue Shirt | category=Shirts | similarity=0.7343
2026-08-21 03:05:39 | INFO | request=c3f1915d | RESULT | rank=4 | product=Indian Terrain Men Navy Blue Shirts | category=Shirts | similarity=0.6983
2026-08-21 03:05:39 | INFO | request=c3f1915d | RESULT | rank=5 | product=U.S. Polo Assn. Men Check Brown Shirt | category=Shirts | similarity=0.6934
2026-08-21 03:05:39 | INFO | request=c3f1915d | COMPLETE | category=Shirts | confidence=0.5206 | top_k=5 | processing_time=0.3956s
2026-08-21 03:05:39 | INFO | request=c3f1915d | UI_COMPLETE | processing_time=0.5113s
2026-08-21 03:05:46 | INFO | request=522a8b13 | IMAGE_UPLOAD | filename=images.jpg | size=25583
2026-08-21 03:05:48 | INFO | request=9b7b43ea | IMAGE_UPLOAD | filename=images.jpg | size=25583
2026-08-21 03:05:48 | INFO | request=9b7b43ea | RECOMMENDATION_STARTED | top_k=10
2026-08-21 03:05:48 | INFO | request=9b7b43ea | ENCODE_IMAGE | started
2026-08-21 03:05:48 | INFO | request=695d1360 | IMAGE_UPLOAD | filename=images.jpg | size=25583
2026-08-21 03:05:48 | INFO | request=695d1360 | RECOMMENDATION_STARTED | top_k=10
2026-08-21 03:05:48 | INFO | request=695d1360 | ENCODE_IMAGE | started
2026-08-21 03:05:48 | INFO | request=9b7b43ea | CATEGORY | predicted=Shirts | confidence=0.5206
2026-08-21 03:05:48 | INFO | request=9b7b43ea | CATEGORY_CANDIDATE | rank=1 | category=Shirts | score=5.977567
2026-08-21 03:05:48 | INFO | request=9b7b43ea | CATEGORY_CANDIDATE | rank=2 | category=Jeans | score=2.020574
2026-08-21 03:05:48 | INFO | request=9b7b43ea | CATEGORY_CANDIDATE | rank=3 | category=Tshirts | score=1.319147
2026-08-21 03:05:48 | INFO | request=9b7b43ea | CATEGORY_CANDIDATE | rank=4 | category=Jackets | score=1.043258
2026-08-21 03:05:48 | INFO | request=9b7b43ea | CATEGORY_CANDIDATE | rank=5 | category=Sweaters | score=0.424329
2026-08-21 03:05:48 | INFO | request=9b7b43ea | FILTER | category=Shirts | candidates=362
2026-08-21 03:05:49 | INFO | request=9b7b43ea | RESULT | rank=1 | product=Arrow Men Striped Grey Slim Fit Shirt | category=Shirts | similarity=0.7473
2026-08-21 03:05:49 | INFO | request=9b7b43ea | RESULT | rank=2 | product=Arrow New York Men Black Check Shirt | category=Shirts | similarity=0.7449
2026-08-21 03:05:49 | INFO | request=9b7b43ea | RESULT | rank=3 | product=United Colors of Benetton Men Blue Shirt | category=Shirts | similarity=0.7343
2026-08-21 03:05:49 | INFO | request=9b7b43ea | RESULT | rank=4 | product=Indian Terrain Men Navy Blue Shirts | category=Shirts | similarity=0.6983
2026-08-21 03:05:49 | INFO | request=9b7b43ea | RESULT | rank=5 | product=U.S. Polo Assn. Men Check Brown Shirt | category=Shirts | similarity=0.6934
2026-08-21 03:05:49 | INFO | request=9b7b43ea | RESULT | rank=6 | product=John Players Men Teal Shirt | category=Shirts | similarity=0.6926
2026-08-21 03:05:49 | INFO | request=9b7b43ea | RESULT | rank=7 | product=French Connection Men Black Check Shirt | category=Shirts | similarity=0.6925
2026-08-21 03:05:49 | INFO | request=9b7b43ea | RESULT | rank=8 | product=French Connection Men Purple Shirt | category=Shirts | similarity=0.6895
2026-08-21 03:05:49 | INFO | request=9b7b43ea | RESULT | rank=9 | product=John Miller Men Check White Shirts | category=Shirts | similarity=0.6893
2026-08-21 03:05:49 | INFO | request=9b7b43ea | RESULT | rank=10 | product=Mark Taylor Men Blue Shirt | category=Shirts | similarity=0.6884
2026-08-21 03:05:49 | INFO | request=9b7b43ea | COMPLETE | category=Shirts | confidence=0.5206 | top_k=10 | processing_time=0.4946s
2026-08-21 03:05:49 | INFO | request=695d1360 | CATEGORY | predicted=Shirts | confidence=0.5206
2026-08-21 03:05:49 | INFO | request=695d1360 | CATEGORY_CANDIDATE | rank=1 | category=Shirts | score=5.977567
2026-08-21 03:05:49 | INFO | request=695d1360 | CATEGORY_CANDIDATE | rank=2 | category=Jeans | score=2.020574
2026-08-21 03:05:49 | INFO | request=695d1360 | CATEGORY_CANDIDATE | rank=3 | category=Tshirts | score=1.319147
2026-08-21 03:05:49 | INFO | request=695d1360 | CATEGORY_CANDIDATE | rank=4 | category=Jackets | score=1.043258
2026-08-21 03:05:49 | INFO | request=695d1360 | CATEGORY_CANDIDATE | rank=5 | category=Sweaters | score=0.424329
2026-08-21 03:05:49 | INFO | request=695d1360 | FILTER | category=Shirts | candidates=362
2026-08-21 03:05:49 | INFO | request=695d1360 | RESULT | rank=1 | product=Arrow Men Striped Grey Slim Fit Shirt | category=Shirts | similarity=0.7473
2026-08-21 03:05:49 | INFO | request=695d1360 | RESULT | rank=2 | product=Arrow New York Men Black Check Shirt | category=Shirts | similarity=0.7449
2026-08-21 03:05:49 | INFO | request=695d1360 | RESULT | rank=3 | product=United Colors of Benetton Men Blue Shirt | category=Shirts | similarity=0.7343
2026-08-21 03:05:49 | INFO | request=695d1360 | RESULT | rank=4 | product=Indian Terrain Men Navy Blue Shirts | category=Shirts | similarity=0.6983
2026-08-21 03:05:49 | INFO | request=695d1360 | RESULT | rank=5 | product=U.S. Polo Assn. Men Check Brown Shirt | category=Shirts | similarity=0.6934
2026-08-21 03:05:49 | INFO | request=695d1360 | RESULT | rank=6 | product=John Players Men Teal Shirt | category=Shirts | similarity=0.6926
2026-08-21 03:05:49 | INFO | request=695d1360 | RESULT | rank=7 | product=French Connection Men Black Check Shirt | category=Shirts | similarity=0.6925
2026-08-21 03:05:49 | INFO | request=695d1360 | RESULT | rank=8 | product=French Connection Men Purple Shirt | category=Shirts | similarity=0.6895
2026-08-21 03:05:49 | INFO | request=695d1360 | RESULT | rank=9 | product=John Miller Men Check White Shirts | category=Shirts | similarity=0.6893
2026-08-21 03:05:49 | INFO | request=695d1360 | RESULT | rank=10 | product=Mark Taylor Men Blue Shirt | category=Shirts | similarity=0.6884
2026-08-21 03:05:49 | INFO | request=695d1360 | COMPLETE | category=Shirts | confidence=0.5206 | top_k=10 | processing_time=0.9594s
2026-08-21 03:05:50 | INFO | request=695d1360 | UI_COMPLETE | processing_time=1.3713s
2026-08-21 03:06:53 | INFO | request=7e082cab | IMAGE_UPLOAD | filename=images.jpg | size=12585
2026-08-21 03:06:54 | INFO | request=9f822d6d | IMAGE_UPLOAD | filename=images.jpg | size=12585
2026-08-21 03:06:54 | INFO | request=9f822d6d | RECOMMENDATION_STARTED | top_k=5
2026-08-21 03:06:54 | INFO | request=9f822d6d | ENCODE_IMAGE | started
2026-08-21 03:06:55 | INFO | request=9f822d6d | CATEGORY | predicted=Tshirts | confidence=0.3073
2026-08-21 03:06:55 | INFO | request=9f822d6d | CATEGORY_CANDIDATE | rank=1 | category=Tshirts | score=6.414555
2026-08-21 03:06:55 | INFO | request=9f822d6d | CATEGORY_CANDIDATE | rank=2 | category=Shirts | score=6.086661
2026-08-21 03:06:55 | INFO | request=9f822d6d | CATEGORY_CANDIDATE | rank=3 | category=Jeans | score=2.463560
2026-08-21 03:06:55 | INFO | request=9f822d6d | CATEGORY_CANDIDATE | rank=4 | category=Night suits | score=1.681017
2026-08-21 03:06:55 | INFO | request=9f822d6d | CATEGORY_CANDIDATE | rank=5 | category=Sweaters | score=1.279729
2026-08-21 03:06:55 | INFO | request=9f822d6d | FILTER | category=Tshirts | candidates=795
2026-08-21 03:06:55 | INFO | request=9f822d6d | RESULT | rank=1 | product=Reebok Men Heather Grey T-shirt | category=Tshirts | similarity=0.8334
2026-08-21 03:06:55 | INFO | request=9f822d6d | RESULT | rank=2 | product=Puma Men Training Polo White T-shirt | category=Tshirts | similarity=0.8326
2026-08-21 03:06:55 | INFO | request=9f822d6d | RESULT | rank=3 | product=Spykar Men White T-shirt | category=Tshirts | similarity=0.8222
2026-08-21 03:06:55 | INFO | request=9f822d6d | RESULT | rank=4 | product=PUMA Red Bonn Graphic Print T-shirt | category=Tshirts | similarity=0.8195
2026-08-21 03:06:55 | INFO | request=9f822d6d | RESULT | rank=5 | product=Myntra Men Black T-shirt | category=Tshirts | similarity=0.8189
2026-08-21 03:06:55 | INFO | request=9f822d6d | COMPLETE | category=Tshirts | confidence=0.3073 | top_k=5 | processing_time=0.3531s
2026-08-21 03:06:55 | INFO | request=9f822d6d | UI_COMPLETE | processing_time=0.4504s
2026-08-21 03:07:03 | INFO | request=3b54ba69 | IMAGE_UPLOAD | filename=images.jpg | size=12585
2026-08-21 03:07:05 | INFO | request=fed31a62 | IMAGE_UPLOAD | filename=images.jpg | size=12585
2026-08-21 03:07:05 | INFO | request=fed31a62 | RECOMMENDATION_STARTED | top_k=10
2026-08-21 03:07:05 | INFO | request=fed31a62 | ENCODE_IMAGE | started
2026-08-21 03:07:05 | INFO | request=fed31a62 | CATEGORY | predicted=Tshirts | confidence=0.3073
2026-08-21 03:07:05 | INFO | request=fed31a62 | CATEGORY_CANDIDATE | rank=1 | category=Tshirts | score=6.414555
2026-08-21 03:07:05 | INFO | request=fed31a62 | CATEGORY_CANDIDATE | rank=2 | category=Shirts | score=6.086661
2026-08-21 03:07:05 | INFO | request=fed31a62 | CATEGORY_CANDIDATE | rank=3 | category=Jeans | score=2.463560
2026-08-21 03:07:05 | INFO | request=fed31a62 | CATEGORY_CANDIDATE | rank=4 | category=Night suits | score=1.681017
2026-08-21 03:07:05 | INFO | request=fed31a62 | CATEGORY_CANDIDATE | rank=5 | category=Sweaters | score=1.279729
2026-08-21 03:07:05 | INFO | request=fed31a62 | FILTER | category=Tshirts | candidates=795
2026-08-21 03:07:05 | INFO | request=fed31a62 | RESULT | rank=1 | product=Reebok Men Heather Grey T-shirt | category=Tshirts | similarity=0.8334
2026-08-21 03:07:05 | INFO | request=fed31a62 | RESULT | rank=2 | product=Puma Men Training Polo White T-shirt | category=Tshirts | similarity=0.8326
2026-08-21 03:07:05 | INFO | request=fed31a62 | RESULT | rank=3 | product=Spykar Men White T-shirt | category=Tshirts | similarity=0.8222
2026-08-21 03:07:05 | INFO | request=fed31a62 | RESULT | rank=4 | product=PUMA Red Bonn Graphic Print T-shirt | category=Tshirts | similarity=0.8195
2026-08-21 03:07:05 | INFO | request=fed31a62 | RESULT | rank=5 | product=Myntra Men Black T-shirt | category=Tshirts | similarity=0.8189
2026-08-21 03:07:05 | INFO | request=fed31a62 | RESULT | rank=6 | product=United Colors of Benetton Men Solid Grey TShirt | category=Tshirts | similarity=0.8089
2026-08-21 03:07:05 | INFO | request=fed31a62 | RESULT | rank=7 | product=United Colors of Benetton Men Navy Blue T-shirt | category=Tshirts | similarity=0.8062
2026-08-21 03:07:05 | INFO | request=fed31a62 | RESULT | rank=8 | product=Puma Men White Polo T-shirt | category=Tshirts | similarity=0.8045
2026-08-21 03:07:05 | INFO | request=fed31a62 | RESULT | rank=9 | product=Scullers Men White Polo T-Shirts | category=Tshirts | similarity=0.8012
2026-08-21 03:07:05 | INFO | request=fed31a62 | RESULT | rank=10 | product=Status Quo Men White T-shirt | category=Tshirts | similarity=0.8007
2026-08-21 03:07:05 | INFO | request=fed31a62 | COMPLETE | category=Tshirts | confidence=0.3073 | top_k=10 | processing_time=0.3581s
2026-08-21 03:07:05 | INFO | request=fed31a62 | UI_COMPLETE | processing_time=0.5250s
2026-08-22 20:35:11 | INFO | Initializing Fashion Recommender
2026-08-22 20:35:11 | INFO | Device=cpu
2026-08-22 20:35:11 | INFO | Loading CLIP model
2026-08-22 20:35:20 | INFO | Loaded products=5,015
2026-08-22 20:35:20 | INFO | Loaded categories=142
2026-08-22 20:35:20 | INFO | Recommender initialized successfully
2026-08-22 20:35:27 | INFO | request=37b2d93f | IMAGE_UPLOAD | filename=images.jpg | size=12585
2026-08-22 20:35:30 | INFO | request=4b45395e | IMAGE_UPLOAD | filename=images.jpg | size=12585
2026-08-22 20:35:30 | INFO | request=4b45395e | RECOMMENDATION_STARTED | top_k=5
2026-08-22 20:35:30 | INFO | request=4b45395e | ENCODE_IMAGE | started
2026-08-22 20:35:31 | INFO | request=4b45395e | CATEGORY | predicted=Tshirts | confidence=0.3073
2026-08-22 20:35:31 | INFO | request=4b45395e | CATEGORY_CANDIDATE | rank=1 | category=Tshirts | score=6.414555
2026-08-22 20:35:31 | INFO | request=4b45395e | CATEGORY_CANDIDATE | rank=2 | category=Shirts | score=6.086661
2026-08-22 20:35:31 | INFO | request=4b45395e | CATEGORY_CANDIDATE | rank=3 | category=Jeans | score=2.463560
2026-08-22 20:35:31 | INFO | request=4b45395e | CATEGORY_CANDIDATE | rank=4 | category=Night suits | score=1.681017
2026-08-22 20:35:31 | INFO | request=4b45395e | CATEGORY_CANDIDATE | rank=5 | category=Sweaters | score=1.279729
2026-08-22 20:35:31 | INFO | request=4b45395e | RESULT | rank=1 | product=Reebok Men Heather Grey T-shirt | category=Tshirts | visual=0.8334 | final=0.8834
2026-08-22 20:35:31 | INFO | request=4b45395e | RESULT | rank=2 | product=Puma Men Training Polo White T-shirt | category=Tshirts | visual=0.8326 | final=0.8826
2026-08-22 20:35:31 | INFO | request=4b45395e | RESULT | rank=3 | product=Spykar Men White T-shirt | category=Tshirts | visual=0.8222 | final=0.8722
2026-08-22 20:35:31 | INFO | request=4b45395e | RESULT | rank=4 | product=PUMA Red Bonn Graphic Print T-shirt | category=Tshirts | visual=0.8195 | final=0.8695
2026-08-22 20:35:31 | INFO | request=4b45395e | RESULT | rank=5 | product=Myntra Men Black T-shirt | category=Tshirts | visual=0.8189 | final=0.8689
2026-08-22 20:35:31 | INFO | request=4b45395e | COMPLETE | category=Tshirts | confidence=0.3073 | top_k=5 | processing_time=0.6433s
2026-08-22 20:35:31 | INFO | request=4b45395e | UI_COMPLETE | processing_time=0.6781s
2026-08-22 20:38:47 | INFO | request=bd5b707c | IMAGE_UPLOAD | filename=images.jpg | size=12585
2026-08-22 20:38:49 | INFO | request=3046b7b4 | IMAGE_UPLOAD | filename=images.jpg | size=12585
2026-08-22 20:38:49 | INFO | request=3046b7b4 | RECOMMENDATION_STARTED | top_k=10
2026-08-22 20:38:49 | INFO | request=3046b7b4 | ENCODE_IMAGE | started
2026-08-22 20:38:49 | INFO | request=3046b7b4 | CATEGORY | predicted=Tshirts | confidence=0.3073
2026-08-22 20:38:49 | INFO | request=3046b7b4 | CATEGORY_CANDIDATE | rank=1 | category=Tshirts | score=6.414555
2026-08-22 20:38:49 | INFO | request=3046b7b4 | CATEGORY_CANDIDATE | rank=2 | category=Shirts | score=6.086661
2026-08-22 20:38:49 | INFO | request=3046b7b4 | CATEGORY_CANDIDATE | rank=3 | category=Jeans | score=2.463560
2026-08-22 20:38:49 | INFO | request=3046b7b4 | CATEGORY_CANDIDATE | rank=4 | category=Night suits | score=1.681017
2026-08-22 20:38:49 | INFO | request=3046b7b4 | CATEGORY_CANDIDATE | rank=5 | category=Sweaters | score=1.279729
2026-08-22 20:38:49 | INFO | request=3046b7b4 | RESULT | rank=1 | product=Reebok Men Heather Grey T-shirt | category=Tshirts | visual=0.8334 | final=0.8834
2026-08-22 20:38:49 | INFO | request=3046b7b4 | RESULT | rank=2 | product=Puma Men Training Polo White T-shirt | category=Tshirts | visual=0.8326 | final=0.8826
2026-08-22 20:38:49 | INFO | request=3046b7b4 | RESULT | rank=3 | product=Spykar Men White T-shirt | category=Tshirts | visual=0.8222 | final=0.8722
2026-08-22 20:38:49 | INFO | request=3046b7b4 | RESULT | rank=4 | product=PUMA Red Bonn Graphic Print T-shirt | category=Tshirts | visual=0.8195 | final=0.8695
2026-08-22 20:38:49 | INFO | request=3046b7b4 | RESULT | rank=5 | product=Myntra Men Black T-shirt | category=Tshirts | visual=0.8189 | final=0.8689
2026-08-22 20:38:49 | INFO | request=3046b7b4 | RESULT | rank=6 | product=United Colors of Benetton Men Solid Grey TShirt | category=Tshirts | visual=0.8089 | final=0.8589
2026-08-22 20:38:49 | INFO | request=3046b7b4 | RESULT | rank=7 | product=United Colors of Benetton Men Navy Blue T-shirt | category=Tshirts | visual=0.8062 | final=0.8562
2026-08-22 20:38:49 | INFO | request=3046b7b4 | RESULT | rank=8 | product=Puma Men White Polo T-shirt | category=Tshirts | visual=0.8045 | final=0.8545
2026-08-22 20:38:49 | INFO | request=3046b7b4 | RESULT | rank=9 | product=Scullers Men White Polo T-Shirts | category=Tshirts | visual=0.8012 | final=0.8512
2026-08-22 20:38:49 | INFO | request=3046b7b4 | RESULT | rank=10 | product=Status Quo Men White T-shirt | category=Tshirts | visual=0.8007 | final=0.8507
2026-08-22 20:38:49 | INFO | request=3046b7b4 | COMPLETE | category=Tshirts | confidence=0.3073 | top_k=10 | processing_time=0.1460s
2026-08-22 20:38:49 | INFO | request=3046b7b4 | UI_COMPLETE | processing_time=0.2017s
2026-08-24 01:23:04 | INFO | Initializing Fashion Recommender
2026-08-24 01:23:04 | INFO | Device=cpu
2026-08-24 01:23:04 | INFO | Loading CLIP model
2026-08-24 01:23:16 | INFO | Loaded products=5,015
2026-08-24 01:23:16 | INFO | Loaded categories=142
2026-08-24 01:23:16 | INFO | Recommender initialized successfully
2026-08-24 01:24:19 | INFO | request=12a31f3a | IMAGE_UPLOAD | filename=10014.jpg | size=4526
2026-08-24 01:24:29 | INFO | request=f929151e | IMAGE_UPLOAD | filename=10014.jpg | size=4526
2026-08-24 01:24:30 | INFO | request=4fca759d | IMAGE_UPLOAD | filename=10014.jpg | size=4526
2026-08-24 01:24:30 | INFO | request=4fca759d | COMPARISON_STARTED | top_k=5
2026-08-24 01:24:31 | INFO | request=4fca759d | CATEGORY | predicted=Tshirts | confidence=0.3913
2026-08-24 01:24:31 | INFO | request=4fca759d | CATEGORY_CANDIDATE | rank=1 | category=Tshirts | score=9.447048
2026-08-24 01:24:31 | INFO | request=4fca759d | CATEGORY_CANDIDATE | rank=2 | category=Caps | score=9.362646
2026-08-24 01:24:31 | INFO | request=4fca759d | CATEGORY_CANDIDATE | rank=3 | category=Backpacks | score=1.745467
2026-08-24 01:24:31 | INFO | request=4fca759d | CATEGORY_CANDIDATE | rank=4 | category=Jackets | score=0.949918
2026-08-24 01:24:31 | INFO | request=4fca759d | CATEGORY_CANDIDATE | rank=5 | category=Sweatshirts | score=0.915095
2026-08-24 01:24:32 | INFO | request=4fca759d | COMPARISON_COMPLETE | category=Tshirts | confidence=0.3913 | no_category=0.0602s | hard_category=0.0427s | soft_category=0.0662s | total=1.5146s
2026-08-24 01:24:32 | ERROR | request=4fca759d | UI_FAILED | error='no_metrics'
Traceback (most recent call last):
  File "D:\project\app.py", line 583, in <module>
    comparison[
    ~~~~~~~~~~^
        "no_metrics"
        ^^^^^^^^^^^^
    ]
    ^
KeyError: 'no_metrics'
2026-08-24 01:25:40 | INFO | request=882b2a3e | IMAGE_UPLOAD | filename=10013.jpg | size=12418
2026-08-24 01:25:41 | INFO | request=f8584483 | IMAGE_UPLOAD | filename=10013.jpg | size=12418
2026-08-24 01:25:42 | INFO | request=f8584483 | COMPARISON_STARTED | top_k=5
2026-08-24 01:25:42 | INFO | request=f8584483 | CATEGORY | predicted=Tshirts | confidence=0.9810
2026-08-24 01:25:42 | INFO | request=f8584483 | CATEGORY_CANDIDATE | rank=1 | category=Tshirts | score=19.388300
2026-08-24 01:25:42 | INFO | request=f8584483 | CATEGORY_CANDIDATE | rank=2 | category=Tops | score=0.375626
2026-08-24 01:25:42 | INFO | request=f8584483 | COMPARISON_COMPLETE | category=Tshirts | confidence=0.9810 | no_category=0.0480s | hard_category=0.0223s | soft_category=0.0547s | total=0.5932s
2026-08-24 01:25:42 | ERROR | request=f8584483 | UI_FAILED | error='no_metrics'
Traceback (most recent call last):
  File "D:\project\app.py", line 583, in <module>
    comparison[
    ~~~~~~~~~~^
        "no_metrics"
        ^^^^^^^^^^^^
    ]
    ^
KeyError: 'no_metrics'
2026-08-24 01:26:07 | INFO | request=01daa620 | IMAGE_UPLOAD | filename=10037.jpg | size=7720
2026-08-24 01:26:09 | INFO | request=050441c9 | IMAGE_UPLOAD | filename=10037.jpg | size=7720
2026-08-24 01:26:09 | INFO | request=050441c9 | COMPARISON_STARTED | top_k=5
2026-08-24 01:26:10 | INFO | request=050441c9 | CATEGORY | predicted=Sports Shoes | confidence=0.9631
2026-08-24 01:26:10 | INFO | request=050441c9 | CATEGORY_CANDIDATE | rank=1 | category=Sports Shoes | score=28.771376
2026-08-24 01:26:10 | INFO | request=050441c9 | CATEGORY_CANDIDATE | rank=2 | category=Casual Shoes | score=1.101885
2026-08-24 01:26:10 | INFO | request=050441c9 | COMPARISON_COMPLETE | category=Sports Shoes | confidence=0.9631 | no_category=0.0773s | hard_category=0.0312s | soft_category=0.0947s | total=0.9431s
2026-08-24 01:26:10 | ERROR | request=050441c9 | UI_FAILED | error='no_metrics'
Traceback (most recent call last):
  File "D:\project\app.py", line 583, in <module>
    comparison[
    ~~~~~~~~~~^
        "no_metrics"
        ^^^^^^^^^^^^
    ]
    ^
KeyError: 'no_metrics'
2026-08-24 01:26:51 | INFO | request=fa3e0525 | IMAGE_UPLOAD | filename=10017.jpg | size=12235
2026-08-24 01:26:52 | INFO | request=2e6e339a | IMAGE_UPLOAD | filename=10017.jpg | size=12235
2026-08-24 01:26:52 | INFO | request=2e6e339a | COMPARISON_STARTED | top_k=5
2026-08-24 01:26:53 | INFO | request=2e6e339a | CATEGORY | predicted=Tshirts | confidence=0.5837
2026-08-24 01:26:53 | INFO | request=2e6e339a | CATEGORY_CANDIDATE | rank=1 | category=Tshirts | score=13.310438
2026-08-24 01:26:53 | INFO | request=2e6e339a | CATEGORY_CANDIDATE | rank=2 | category=Jackets | score=3.259514
2026-08-24 01:26:53 | INFO | request=2e6e339a | CATEGORY_CANDIDATE | rank=3 | category=Sweatshirts | score=1.647293
2026-08-24 01:26:53 | INFO | request=2e6e339a | CATEGORY_CANDIDATE | rank=4 | category=Track Pants | score=0.816619
2026-08-24 01:26:53 | INFO | request=2e6e339a | CATEGORY_CANDIDATE | rank=5 | category=Tracksuits | score=0.801112
2026-08-24 01:26:53 | INFO | request=2e6e339a | COMPARISON_COMPLETE | category=Tshirts | confidence=0.5837 | no_category=0.0725s | hard_category=0.0207s | soft_category=0.0654s | total=0.7807s
2026-08-24 01:26:53 | ERROR | request=2e6e339a | UI_FAILED | error='no_metrics'
Traceback (most recent call last):
  File "D:\project\app.py", line 583, in <module>
    comparison[
    ~~~~~~~~~~^
        "no_metrics"
        ^^^^^^^^^^^^
    ]
    ^
KeyError: 'no_metrics'
2026-08-24 01:31:23 | INFO | Initializing Fashion Recommender
2026-08-24 01:31:23 | INFO | Device=cpu
2026-08-24 01:31:23 | INFO | Loading CLIP model
2026-08-24 01:31:35 | INFO | Loaded products=5,015
2026-08-24 01:31:35 | INFO | Loaded categories=142
2026-08-24 01:31:35 | INFO | Recommender initialized successfully
2026-08-24 01:36:21 | INFO | Initializing Fashion Recommender
2026-08-24 01:36:21 | INFO | Device=cpu
2026-08-24 01:36:21 | INFO | Loading CLIP model
2026-08-24 01:36:32 | INFO | Loaded products=5,015
2026-08-24 01:36:32 | INFO | Loaded categories=142
2026-08-24 01:36:32 | INFO | Recommender initialized successfully
2026-08-24 01:37:03 | INFO | request=42ea86b6 | IMAGE_UPLOAD | filename=10014.jpg | size=4526
2026-08-24 01:37:12 | INFO | request=5996586a | IMAGE_UPLOAD | filename=10014.jpg | size=4526
2026-08-24 01:37:12 | INFO | request=5996586a | COMPARISON_STARTED | top_k=5
2026-08-24 01:37:13 | INFO | request=5996586a | CATEGORY | predicted=Tshirts | confidence=0.3913
2026-08-24 01:37:13 | INFO | request=5996586a | CATEGORY_CANDIDATE | rank=1 | category=Tshirts | score=9.447048
2026-08-24 01:37:13 | INFO | request=5996586a | CATEGORY_CANDIDATE | rank=2 | category=Caps | score=9.362646
2026-08-24 01:37:13 | INFO | request=5996586a | CATEGORY_CANDIDATE | rank=3 | category=Backpacks | score=1.745467
2026-08-24 01:37:13 | INFO | request=5996586a | CATEGORY_CANDIDATE | rank=4 | category=Jackets | score=0.949918
2026-08-24 01:37:13 | INFO | request=5996586a | CATEGORY_CANDIDATE | rank=5 | category=Sweatshirts | score=0.915095
2026-08-24 01:37:13 | INFO | request=5996586a | COMPARISON_COMPLETE | category=Tshirts | confidence=0.3913 | no_category=0.0492s | hard_category=0.0298s | soft_category=0.0545s | total=1.4886s
2026-08-24 01:37:14 | INFO | request=5996586a | UI_COMPARISON_COMPLETE | processing_time=2.1533s
2026-08-24 01:37:48 | INFO | request=1c8ff2da | IMAGE_UPLOAD | filename=10053.jpg | size=7911
2026-08-24 01:37:50 | INFO | request=a3da3fb5 | IMAGE_UPLOAD | filename=10053.jpg | size=7911
2026-08-24 01:37:50 | INFO | request=a3da3fb5 | COMPARISON_STARTED | top_k=5
2026-08-24 01:37:51 | INFO | request=a3da3fb5 | CATEGORY | predicted=Tops | confidence=0.3459
2026-08-24 01:37:51 | INFO | request=a3da3fb5 | CATEGORY_CANDIDATE | rank=1 | category=Tops | score=5.703252
2026-08-24 01:37:51 | INFO | request=a3da3fb5 | CATEGORY_CANDIDATE | rank=2 | category=Dresses | score=3.050881
2026-08-24 01:37:51 | INFO | request=a3da3fb5 | CATEGORY_CANDIDATE | rank=3 | category=Tshirts | score=2.908274
2026-08-24 01:37:51 | INFO | request=a3da3fb5 | CATEGORY_CANDIDATE | rank=4 | category=Briefs | score=0.820872
2026-08-24 01:37:51 | INFO | request=a3da3fb5 | CATEGORY_CANDIDATE | rank=5 | category=Socks | score=0.677713
2026-08-24 01:37:51 | INFO | request=a3da3fb5 | COMPARISON_COMPLETE | category=Tops | confidence=0.3459 | no_category=0.0454s | hard_category=0.0131s | soft_category=0.0493s | total=0.8606s
2026-08-24 01:37:51 | INFO | request=a3da3fb5 | UI_COMPARISON_COMPLETE | processing_time=1.2969s
2026-08-24 01:39:39 | INFO | request=863b6aa6 | IMAGE_UPLOAD | filename=4M6A7470_60c8cb10-3c1b-4814-9fa3-d2cf8330d6ad.webp | size=92996
2026-08-24 01:39:50 | INFO | request=ef2abc8e | IMAGE_UPLOAD | filename=4M6A7470_60c8cb10-3c1b-4814-9fa3-d2cf8330d6ad.webp | size=92996
2026-08-24 01:39:50 | INFO | request=ef2abc8e | COMPARISON_STARTED | top_k=5
2026-08-24 01:39:52 | INFO | request=ef2abc8e | CATEGORY | predicted=Tshirts | confidence=0.4283
2026-08-24 01:39:52 | INFO | request=ef2abc8e | CATEGORY_CANDIDATE | rank=1 | category=Tshirts | score=10.681557
2026-08-24 01:39:52 | INFO | request=ef2abc8e | CATEGORY_CANDIDATE | rank=2 | category=Shirts | score=6.851068
2026-08-24 01:39:52 | INFO | request=ef2abc8e | CATEGORY_CANDIDATE | rank=3 | category=Jeans | score=1.521128
2026-08-24 01:39:52 | INFO | request=ef2abc8e | CATEGORY_CANDIDATE | rank=4 | category=Innerwear Vests | score=1.460390
2026-08-24 01:39:52 | INFO | request=ef2abc8e | CATEGORY_CANDIDATE | rank=5 | category=Night suits | score=1.031163
2026-08-24 01:39:52 | INFO | request=ef2abc8e | COMPARISON_COMPLETE | category=Tshirts | confidence=0.4283 | no_category=0.0357s | hard_category=0.0155s | soft_category=0.0421s | total=2.1100s
2026-08-24 01:39:53 | INFO | request=ef2abc8e | UI_COMPARISON_COMPLETE | processing_time=3.0761s
2026-08-24 01:41:24 | INFO | request=ff02c8a9 | IMAGE_UPLOAD | filename=10002.jpg | size=5613
2026-08-24 01:41:26 | INFO | request=9dfa9803 | IMAGE_UPLOAD | filename=10002.jpg | size=5613
2026-08-24 01:41:26 | INFO | request=9dfa9803 | COMPARISON_STARTED | top_k=5
2026-08-24 01:41:26 | INFO | request=9dfa9803 | CATEGORY | predicted=Shorts | confidence=0.3497
2026-08-24 01:41:26 | INFO | request=9dfa9803 | CATEGORY_CANDIDATE | rank=1 | category=Shorts | score=10.550129
2026-08-24 01:41:26 | INFO | request=9dfa9803 | CATEGORY_CANDIDATE | rank=2 | category=Jeans | score=8.768788
2026-08-24 01:41:26 | INFO | request=9dfa9803 | CATEGORY_CANDIDATE | rank=3 | category=Capris | score=5.900305
2026-08-24 01:41:26 | INFO | request=9dfa9803 | CATEGORY_CANDIDATE | rank=4 | category=Briefs | score=2.192447
2026-08-24 01:41:26 | INFO | request=9dfa9803 | CATEGORY_CANDIDATE | rank=5 | category=Trunk | score=1.159759
2026-08-24 01:41:26 | INFO | request=9dfa9803 | COMPARISON_COMPLETE | category=Shorts | confidence=0.3497 | no_category=0.0463s | hard_category=0.0121s | soft_category=0.0444s | total=0.5685s
2026-08-24 01:41:27 | INFO | request=9dfa9803 | UI_COMPARISON_COMPLETE | processing_time=0.9126s
2026-08-24 01:42:07 | INFO | request=02772749 | IMAGE_UPLOAD | filename=10039.jpg | size=7731
2026-08-24 01:42:08 | INFO | request=70733d6a | IMAGE_UPLOAD | filename=10039.jpg | size=7731
2026-08-24 01:42:08 | INFO | request=70733d6a | COMPARISON_STARTED | top_k=5
2026-08-24 01:42:09 | INFO | request=70733d6a | CATEGORY | predicted=Sports Shoes | confidence=0.9602
2026-08-24 01:42:09 | INFO | request=70733d6a | CATEGORY_CANDIDATE | rank=1 | category=Sports Shoes | score=31.621181
2026-08-24 01:42:09 | INFO | request=70733d6a | CATEGORY_CANDIDATE | rank=2 | category=Casual Shoes | score=1.309607
2026-08-24 01:42:09 | INFO | request=70733d6a | COMPARISON_COMPLETE | category=Sports Shoes | confidence=0.9602 | no_category=0.0578s | hard_category=0.0148s | soft_category=0.0523s | total=0.6646s
2026-08-24 01:42:09 | INFO | request=70733d6a | UI_COMPARISON_COMPLETE | processing_time=1.0377s
2026-08-24 01:42:53 | INFO | request=4a68a8ee | IMAGE_UPLOAD | filename=10014.jpg | size=4526
2026-08-24 01:42:55 | INFO | request=8c8f8fce | IMAGE_UPLOAD | filename=10014.jpg | size=4526
2026-08-24 01:42:55 | INFO | request=8c8f8fce | COMPARISON_STARTED | top_k=5
2026-08-24 01:42:55 | INFO | request=8c8f8fce | CATEGORY | predicted=Tshirts | confidence=0.3913
2026-08-24 01:42:55 | INFO | request=8c8f8fce | CATEGORY_CANDIDATE | rank=1 | category=Tshirts | score=9.447048
2026-08-24 01:42:55 | INFO | request=8c8f8fce | CATEGORY_CANDIDATE | rank=2 | category=Caps | score=9.362646
2026-08-24 01:42:55 | INFO | request=8c8f8fce | CATEGORY_CANDIDATE | rank=3 | category=Backpacks | score=1.745467
2026-08-24 01:42:55 | INFO | request=8c8f8fce | CATEGORY_CANDIDATE | rank=4 | category=Jackets | score=0.949918
2026-08-24 01:42:55 | INFO | request=8c8f8fce | CATEGORY_CANDIDATE | rank=5 | category=Sweatshirts | score=0.915095
2026-08-24 01:42:55 | INFO | request=8c8f8fce | COMPARISON_COMPLETE | category=Tshirts | confidence=0.3913 | no_category=0.0618s | hard_category=0.0176s | soft_category=0.0450s | total=0.6368s
2026-08-24 01:42:56 | INFO | request=8c8f8fce | UI_COMPARISON_COMPLETE | processing_time=0.9887s
2026-08-24 01:45:41 | INFO | request=39d65cb1 | IMAGE_UPLOAD | filename=10013.jpg | size=12418
2026-08-24 01:45:44 | INFO | request=505c8e9d | IMAGE_UPLOAD | filename=10013.jpg | size=12418
2026-08-24 01:45:44 | INFO | request=505c8e9d | COMPARISON_STARTED | top_k=5
2026-08-24 01:45:45 | INFO | request=505c8e9d | CATEGORY | predicted=Tshirts | confidence=0.9810
2026-08-24 01:45:45 | INFO | request=505c8e9d | CATEGORY_CANDIDATE | rank=1 | category=Tshirts | score=19.388300
2026-08-24 01:45:45 | INFO | request=505c8e9d | CATEGORY_CANDIDATE | rank=2 | category=Tops | score=0.375626
2026-08-24 01:45:45 | INFO | request=505c8e9d | COMPARISON_COMPLETE | category=Tshirts | confidence=0.9810 | no_category=0.0445s | hard_category=0.0221s | soft_category=0.0569s | total=0.5941s
2026-08-24 01:45:45 | INFO | request=505c8e9d | UI_COMPARISON_COMPLETE | processing_time=0.9605s
2026-08-24 01:46:19 | INFO | request=8532d34c | IMAGE_UPLOAD | filename=1638.jpg | size=5533
2026-08-24 01:46:20 | INFO | request=f9c664ce | IMAGE_UPLOAD | filename=1638.jpg | size=5533
2026-08-24 01:46:20 | INFO | request=f9c664ce | COMPARISON_STARTED | top_k=5
2026-08-24 01:46:21 | INFO | request=f9c664ce | CATEGORY | predicted=Sunglasses | confidence=0.9602
2026-08-24 01:46:21 | INFO | request=f9c664ce | CATEGORY_CANDIDATE | rank=1 | category=Sunglasses | score=32.731915
2026-08-24 01:46:21 | INFO | request=f9c664ce | CATEGORY_CANDIDATE | rank=2 | category=Ties and Cufflinks | score=0.693453
2026-08-24 01:46:21 | INFO | request=f9c664ce | CATEGORY_CANDIDATE | rank=3 | category=Free Gifts | score=0.661522
2026-08-24 01:46:21 | INFO | request=021c5222 | IMAGE_UPLOAD | filename=1638.jpg | size=5533
2026-08-24 01:46:21 | INFO | request=f9c664ce | COMPARISON_COMPLETE | category=Sunglasses | confidence=0.9602 | no_category=0.0425s | hard_category=0.0109s | soft_category=0.0688s | total=0.5569s
2026-08-24 01:46:21 | INFO | request=021c5222 | COMPARISON_STARTED | top_k=5
2026-08-24 01:46:22 | INFO | request=021c5222 | CATEGORY | predicted=Sunglasses | confidence=0.9602
2026-08-24 01:46:22 | INFO | request=021c5222 | CATEGORY_CANDIDATE | rank=1 | category=Sunglasses | score=32.731915
2026-08-24 01:46:22 | INFO | request=021c5222 | CATEGORY_CANDIDATE | rank=2 | category=Ties and Cufflinks | score=0.693453
2026-08-24 01:46:22 | INFO | request=021c5222 | CATEGORY_CANDIDATE | rank=3 | category=Free Gifts | score=0.661522
2026-08-24 01:46:22 | INFO | request=021c5222 | COMPARISON_COMPLETE | category=Sunglasses | confidence=0.9602 | no_category=0.0478s | hard_category=0.0127s | soft_category=0.0526s | total=0.6643s
2026-08-24 01:46:22 | INFO | request=021c5222 | UI_COMPARISON_COMPLETE | processing_time=1.4601s
2026-08-24 01:46:42 | INFO | request=05ae2edf | IMAGE_UPLOAD | filename=10079.jpg | size=11121
2026-08-24 01:46:43 | INFO | request=652fdea5 | IMAGE_UPLOAD | filename=10079.jpg | size=11121
2026-08-24 01:46:43 | INFO | request=652fdea5 | COMPARISON_STARTED | top_k=5
2026-08-24 01:46:44 | INFO | request=652fdea5 | CATEGORY | predicted=Sandals | confidence=0.6246
2026-08-24 01:46:44 | INFO | request=652fdea5 | CATEGORY_CANDIDATE | rank=1 | category=Sandals | score=22.373213
2026-08-24 01:46:44 | INFO | request=652fdea5 | CATEGORY_CANDIDATE | rank=2 | category=Flip Flops | score=10.632645
2026-08-24 01:46:44 | INFO | request=652fdea5 | CATEGORY_CANDIDATE | rank=3 | category=Sports Sandals | score=1.445477
2026-08-24 01:46:44 | INFO | request=652fdea5 | CATEGORY_CANDIDATE | rank=4 | category=Flats | score=0.687104
2026-08-24 01:46:44 | INFO | request=652fdea5 | CATEGORY_CANDIDATE | rank=5 | category=Heels | score=0.683207
2026-08-24 01:46:44 | INFO | request=652fdea5 | COMPARISON_COMPLETE | category=Sandals | confidence=0.6246 | no_category=0.0490s | hard_category=0.0145s | soft_category=0.0470s | total=0.5811s
2026-08-24 01:46:44 | INFO | request=652fdea5 | UI_COMPARISON_COMPLETE | processing_time=0.9345s
2026-08-24 01:46:59 | INFO | request=ff078477 | IMAGE_UPLOAD | filename=10017.jpg | size=12235
2026-08-24 01:47:00 | INFO | request=d5aaa124 | IMAGE_UPLOAD | filename=10017.jpg | size=12235
2026-08-24 01:47:00 | INFO | request=d5aaa124 | COMPARISON_STARTED | top_k=5
2026-08-24 01:47:01 | INFO | request=d5aaa124 | CATEGORY | predicted=Tshirts | confidence=0.5837
2026-08-24 01:47:01 | INFO | request=d5aaa124 | CATEGORY_CANDIDATE | rank=1 | category=Tshirts | score=13.310438
2026-08-24 01:47:01 | INFO | request=d5aaa124 | CATEGORY_CANDIDATE | rank=2 | category=Jackets | score=3.259514
2026-08-24 01:47:01 | INFO | request=d5aaa124 | CATEGORY_CANDIDATE | rank=3 | category=Sweatshirts | score=1.647293
2026-08-24 01:47:01 | INFO | request=d5aaa124 | CATEGORY_CANDIDATE | rank=4 | category=Track Pants | score=0.816619
2026-08-24 01:47:01 | INFO | request=d5aaa124 | CATEGORY_CANDIDATE | rank=5 | category=Tracksuits | score=0.801112
2026-08-24 01:47:01 | INFO | request=d5aaa124 | COMPARISON_COMPLETE | category=Tshirts | confidence=0.5837 | no_category=0.0528s | hard_category=0.0223s | soft_category=0.0467s | total=0.5929s
2026-08-24 01:47:01 | INFO | request=d5aaa124 | UI_COMPARISON_COMPLETE | processing_time=0.9414s
2026-08-24 01:48:11 | INFO | request=3649c794 | IMAGE_UPLOAD | filename=10098.jpg | size=12108
2026-08-24 01:48:12 | INFO | request=d948b74d | IMAGE_UPLOAD | filename=10098.jpg | size=12108
2026-08-24 01:48:12 | INFO | request=d948b74d | COMPARISON_STARTED | top_k=5
2026-08-24 01:48:13 | INFO | request=d948b74d | CATEGORY | predicted=Watches | confidence=0.9764
2026-08-24 01:48:13 | INFO | request=d948b74d | CATEGORY_CANDIDATE | rank=1 | category=Watches | score=27.249264
2026-08-24 01:48:13 | INFO | request=d948b74d | CATEGORY_CANDIDATE | rank=2 | category=Free Gifts | score=0.658159
2026-08-24 01:48:13 | INFO | request=d948b74d | COMPARISON_COMPLETE | category=Watches | confidence=0.9764 | no_category=0.0462s | hard_category=0.0186s | soft_category=0.0512s | total=0.7471s
2026-08-24 01:48:13 | INFO | request=d948b74d | UI_COMPARISON_COMPLETE | processing_time=1.1448s
2026-08-24 01:49:36 | INFO | request=00bb4020 | IMAGE_UPLOAD | filename=1796.jpg | size=13379
2026-08-24 01:49:37 | INFO | request=fe93d5aa | IMAGE_UPLOAD | filename=1796.jpg | size=13379
2026-08-24 01:49:37 | INFO | request=fe93d5aa | COMPARISON_STARTED | top_k=5
2026-08-24 01:49:38 | INFO | request=fe93d5aa | CATEGORY | predicted=Tshirts | confidence=0.6027
2026-08-24 01:49:38 | INFO | request=fe93d5aa | CATEGORY_CANDIDATE | rank=1 | category=Tshirts | score=14.258290
2026-08-24 01:49:38 | INFO | request=fe93d5aa | CATEGORY_CANDIDATE | rank=2 | category=Innerwear Vests | score=5.413122
2026-08-24 01:49:38 | INFO | request=fe93d5aa | CATEGORY_CANDIDATE | rank=3 | category=Shorts | score=1.324967
2026-08-24 01:49:38 | INFO | request=fe93d5aa | CATEGORY_CANDIDATE | rank=4 | category=Night suits | score=0.892851
2026-08-24 01:49:38 | INFO | request=fe93d5aa | CATEGORY_CANDIDATE | rank=5 | category=Track Pants | score=0.450962
2026-08-24 01:49:38 | INFO | request=fe93d5aa | COMPARISON_COMPLETE | category=Tshirts | confidence=0.6027 | no_category=0.0522s | hard_category=0.0203s | soft_category=0.0433s | total=0.6313s
2026-08-24 01:49:38 | INFO | request=fe93d5aa | UI_COMPARISON_COMPLETE | processing_time=1.0043s
2026-08-24 01:50:19 | INFO | request=5065f869 | IMAGE_UPLOAD | filename=1915.jpg | size=4638
2026-08-24 01:50:20 | INFO | request=0a01ca85 | IMAGE_UPLOAD | filename=1915.jpg | size=4638
2026-08-24 01:50:20 | INFO | request=0a01ca85 | COMPARISON_STARTED | top_k=5
2026-08-24 01:50:21 | INFO | request=0a01ca85 | CATEGORY | predicted=Perfume and Body Mist | confidence=0.2642
2026-08-24 01:50:21 | INFO | request=0a01ca85 | CATEGORY_CANDIDATE | rank=1 | category=Perfume and Body Mist | score=4.297701
2026-08-24 01:50:21 | INFO | request=0a01ca85 | CATEGORY_CANDIDATE | rank=2 | category=Deodorant | score=3.761557
2026-08-24 01:50:21 | INFO | request=0a01ca85 | CATEGORY_CANDIDATE | rank=3 | category=Backpacks | score=1.555250
2026-08-24 01:50:21 | INFO | request=0a01ca85 | CATEGORY_CANDIDATE | rank=4 | category=Kajal and Eyeliner | score=0.966894
2026-08-24 01:50:21 | INFO | request=0a01ca85 | CATEGORY_CANDIDATE | rank=5 | category=Ties | score=0.915745
2026-08-24 01:50:21 | INFO | request=0a01ca85 | COMPARISON_COMPLETE | category=Perfume and Body Mist | confidence=0.2642 | no_category=0.0485s | hard_category=0.0134s | soft_category=0.0519s | total=0.5754s
2026-08-24 01:50:21 | INFO | request=0a01ca85 | UI_COMPARISON_COMPLETE | processing_time=0.9439s
2026-08-24 01:51:38 | INFO | request=a2c9fd20 | IMAGE_UPLOAD | filename=23614.jpg | size=7073
2026-08-24 01:51:39 | INFO | request=d2b19ddc | IMAGE_UPLOAD | filename=23614.jpg | size=7073
2026-08-24 01:51:39 | INFO | request=d2b19ddc | COMPARISON_STARTED | top_k=5
2026-08-24 01:51:40 | INFO | request=d2b19ddc | CATEGORY | predicted=Perfume and Body Mist | confidence=0.5174
2026-08-24 01:51:40 | INFO | request=d2b19ddc | CATEGORY_CANDIDATE | rank=1 | category=Perfume and Body Mist | score=8.760133
2026-08-24 01:51:40 | INFO | request=d2b19ddc | CATEGORY_CANDIDATE | rank=2 | category=Deodorant | score=3.450627
2026-08-24 01:51:40 | INFO | request=d2b19ddc | CATEGORY_CANDIDATE | rank=3 | category=Nail Polish | score=2.043745
2026-08-24 01:51:40 | INFO | request=d2b19ddc | CATEGORY_CANDIDATE | rank=4 | category=Fragrance Gift Set | score=1.243919
2026-08-24 01:51:40 | INFO | request=d2b19ddc | CATEGORY_CANDIDATE | rank=5 | category=Lip Gloss | score=0.329073
2026-08-24 01:51:40 | INFO | request=d2b19ddc | COMPARISON_COMPLETE | category=Perfume and Body Mist | confidence=0.5174 | no_category=0.0460s | hard_category=0.0093s | soft_category=0.0407s | total=0.4754s
2026-08-24 01:51:40 | INFO | request=d2b19ddc | UI_COMPARISON_COMPLETE | processing_time=0.8305s
2026-08-24 01:52:49 | INFO | request=f703ebd9 | IMAGE_UPLOAD | filename=22672.jpg | size=19201
2026-08-24 01:52:50 | INFO | request=62b90f43 | IMAGE_UPLOAD | filename=22672.jpg | size=19201
2026-08-24 01:52:50 | INFO | request=62b90f43 | COMPARISON_STARTED | top_k=5
2026-08-24 01:52:51 | INFO | request=62b90f43 | CATEGORY | predicted=Backpacks | confidence=0.8081
2026-08-24 01:52:51 | INFO | request=62b90f43 | CATEGORY_CANDIDATE | rank=1 | category=Backpacks | score=14.814238
2026-08-24 01:52:51 | INFO | request=62b90f43 | CATEGORY_CANDIDATE | rank=2 | category=Handbags | score=2.129295
2026-08-24 01:52:51 | INFO | request=62b90f43 | CATEGORY_CANDIDATE | rank=3 | category=Messenger Bag | score=0.699844
2026-08-24 01:52:51 | INFO | request=62b90f43 | CATEGORY_CANDIDATE | rank=4 | category=Duffel Bag | score=0.352590
2026-08-24 01:52:51 | INFO | request=62b90f43 | CATEGORY_CANDIDATE | rank=5 | category=Laptop Bag | score=0.335609
2026-08-24 01:52:51 | INFO | request=62b90f43 | COMPARISON_COMPLETE | category=Backpacks | confidence=0.8081 | no_category=0.0451s | hard_category=0.0112s | soft_category=0.0513s | total=0.5816s
2026-08-24 01:52:51 | INFO | request=62b90f43 | UI_COMPARISON_COMPLETE | processing_time=0.9632s
2026-08-24 01:53:34 | INFO | request=0a748ba2 | IMAGE_UPLOAD | filename=1982.jpg | size=13595
2026-08-24 01:53:35 | INFO | request=3d2a6a12 | IMAGE_UPLOAD | filename=1982.jpg | size=13595
2026-08-24 01:53:35 | INFO | request=3d2a6a12 | COMPARISON_STARTED | top_k=5
2026-08-24 01:53:35 | INFO | request=3d2a6a12 | CATEGORY | predicted=Shorts | confidence=0.3958
2026-08-24 01:53:35 | INFO | request=3d2a6a12 | CATEGORY_CANDIDATE | rank=1 | category=Shorts | score=11.047065
2026-08-24 01:53:35 | INFO | request=3d2a6a12 | CATEGORY_CANDIDATE | rank=2 | category=Jeans | score=5.401454
2026-08-24 01:53:35 | INFO | request=3d2a6a12 | CATEGORY_CANDIDATE | rank=3 | category=Capris | score=2.814589
2026-08-24 01:53:35 | INFO | request=3d2a6a12 | CATEGORY_CANDIDATE | rank=4 | category=Track Pants | score=2.104341
2026-08-24 01:53:35 | INFO | request=3d2a6a12 | CATEGORY_CANDIDATE | rank=5 | category=Boxers | score=1.678330
2026-08-24 01:53:35 | INFO | request=3d2a6a12 | COMPARISON_COMPLETE | category=Shorts | confidence=0.3958 | no_category=0.0481s | hard_category=0.0093s | soft_category=0.0501s | total=0.4941s
2026-08-24 01:53:36 | INFO | request=3d2a6a12 | UI_COMPARISON_COMPLETE | processing_time=0.8711s
2026-08-24 01:55:27 | INFO | request=f4a7631b | IMAGE_UPLOAD | filename=1808.jpg | size=5256
2026-08-24 01:55:29 | INFO | request=9c5029f9 | IMAGE_UPLOAD | filename=1808.jpg | size=5256
2026-08-24 01:55:29 | INFO | request=9c5029f9 | COMPARISON_STARTED | top_k=5
2026-08-24 01:55:29 | INFO | request=9c5029f9 | CATEGORY | predicted=Perfume and Body Mist | confidence=0.5464
2026-08-24 01:55:29 | INFO | request=9c5029f9 | CATEGORY_CANDIDATE | rank=1 | category=Perfume and Body Mist | score=9.161273
2026-08-24 01:55:29 | INFO | request=9c5029f9 | CATEGORY_CANDIDATE | rank=2 | category=Deodorant | score=2.552702
2026-08-24 01:55:29 | INFO | request=9c5029f9 | CATEGORY_CANDIDATE | rank=3 | category=Handbags | score=1.267252
2026-08-24 01:55:29 | INFO | request=9c5029f9 | CATEGORY_CANDIDATE | rank=4 | category=Lipstick | score=0.940500
2026-08-24 01:55:29 | INFO | request=9c5029f9 | CATEGORY_CANDIDATE | rank=5 | category=Tshirts | score=0.933155
2026-08-24 01:55:29 | INFO | request=9c5029f9 | COMPARISON_COMPLETE | category=Perfume and Body Mist | confidence=0.5464 | no_category=0.0419s | hard_category=0.0091s | soft_category=0.0446s | total=0.5164s
2026-08-24 01:55:30 | INFO | request=9c5029f9 | UI_COMPARISON_COMPLETE | processing_time=0.8779s
2026-08-24 01:55:53 | INFO | request=3bd8bc04 | IMAGE_UPLOAD | filename=1597.jpg | size=6302
2026-08-24 01:55:55 | INFO | request=61f73ad2 | IMAGE_UPLOAD | filename=1597.jpg | size=6302
2026-08-24 01:55:55 | INFO | request=61f73ad2 | COMPARISON_STARTED | top_k=5
2026-08-24 01:55:55 | INFO | request=61f73ad2 | CATEGORY | predicted=Handbags | confidence=0.8204
2026-08-24 01:55:55 | INFO | request=61f73ad2 | CATEGORY_CANDIDATE | rank=1 | category=Handbags | score=24.270836
2026-08-24 01:55:55 | INFO | request=61f73ad2 | CATEGORY_CANDIDATE | rank=2 | category=Laptop Bag | score=1.763492
2026-08-24 01:55:55 | INFO | request=61f73ad2 | CATEGORY_CANDIDATE | rank=3 | category=Wallets | score=1.761326
2026-08-24 01:55:55 | INFO | request=61f73ad2 | CATEGORY_CANDIDATE | rank=4 | category=Duffel Bag | score=1.213201
2026-08-24 01:55:55 | INFO | request=61f73ad2 | CATEGORY_CANDIDATE | rank=5 | category=Backpacks | score=0.576109
2026-08-24 01:55:55 | INFO | request=61f73ad2 | COMPARISON_COMPLETE | category=Handbags | confidence=0.8204 | no_category=0.0392s | hard_category=0.0109s | soft_category=0.0423s | total=0.4880s
2026-08-24 01:55:56 | INFO | request=61f73ad2 | UI_COMPARISON_COMPLETE | processing_time=0.8326s
2026-08-24 01:56:46 | INFO | request=ab841da8 | IMAGE_UPLOAD | filename=1891.jpg | size=12606
2026-08-24 01:56:48 | INFO | request=349f22b2 | IMAGE_UPLOAD | filename=1891.jpg | size=12606
2026-08-24 01:56:48 | INFO | request=349f22b2 | COMPARISON_STARTED | top_k=5
2026-08-24 01:56:48 | INFO | request=349f22b2 | CATEGORY | predicted=Tshirts | confidence=0.7920
2026-08-24 01:56:48 | INFO | request=349f22b2 | CATEGORY_CANDIDATE | rank=1 | category=Tshirts | score=10.945137
2026-08-24 01:56:48 | INFO | request=349f22b2 | CATEGORY_CANDIDATE | rank=2 | category=Shirts | score=2.359902
2026-08-24 01:56:48 | INFO | request=349f22b2 | CATEGORY_CANDIDATE | rank=3 | category=Sweaters | score=0.258516
2026-08-24 01:56:48 | INFO | request=349f22b2 | CATEGORY_CANDIDATE | rank=4 | category=Track Pants | score=0.256118
2026-08-24 01:56:48 | INFO | request=349f22b2 | COMPARISON_COMPLETE | category=Tshirts | confidence=0.7920 | no_category=0.0422s | hard_category=0.0159s | soft_category=0.0475s | total=0.5149s
2026-08-24 01:56:49 | INFO | request=349f22b2 | UI_COMPARISON_COMPLETE | processing_time=0.8660s
2026-08-24 01:57:08 | INFO | request=4a9cc025 | IMAGE_UPLOAD | filename=10024.jpg | size=15209
2026-08-24 01:57:10 | INFO | request=58608f67 | IMAGE_UPLOAD | filename=10024.jpg | size=15209
2026-08-24 01:57:10 | INFO | request=58608f67 | COMPARISON_STARTED | top_k=5
2026-08-24 01:57:10 | INFO | request=58608f67 | CATEGORY | predicted=Tshirts | confidence=0.5309
2026-08-24 01:57:10 | INFO | request=58608f67 | CATEGORY_CANDIDATE | rank=1 | category=Tshirts | score=7.927570
2026-08-24 01:57:10 | INFO | request=58608f67 | CATEGORY_CANDIDATE | rank=2 | category=Tops | score=3.750248
2026-08-24 01:57:10 | INFO | request=58608f67 | CATEGORY_CANDIDATE | rank=3 | category=Night suits | score=0.870260
2026-08-24 01:57:10 | INFO | request=58608f67 | CATEGORY_CANDIDATE | rank=4 | category=Innerwear Vests | score=0.523743
2026-08-24 01:57:10 | INFO | request=58608f67 | CATEGORY_CANDIDATE | rank=5 | category=Jeans | score=0.522751
2026-08-24 01:57:10 | INFO | request=58608f67 | COMPARISON_COMPLETE | category=Tshirts | confidence=0.5309 | no_category=0.0589s | hard_category=0.0200s | soft_category=0.0514s | total=0.5803s
2026-08-24 01:57:11 | INFO | request=58608f67 | UI_COMPARISON_COMPLETE | processing_time=0.9074s
2026-08-24 01:57:43 | INFO | request=6a36aa12 | IMAGE_UPLOAD | filename=2093.jpg | size=17739
2026-08-24 01:57:45 | INFO | request=3300a7b6 | IMAGE_UPLOAD | filename=2093.jpg | size=17739
2026-08-24 01:57:45 | INFO | request=3300a7b6 | COMPARISON_STARTED | top_k=5
2026-08-24 01:57:45 | INFO | request=3300a7b6 | CATEGORY | predicted=Shirts | confidence=0.8595
2026-08-24 01:57:45 | INFO | request=3300a7b6 | CATEGORY_CANDIDATE | rank=1 | category=Shirts | score=26.820744
2026-08-24 01:57:45 | INFO | request=3300a7b6 | CATEGORY_CANDIDATE | rank=2 | category=Tshirts | score=4.383484
2026-08-24 01:57:45 | INFO | request=3300a7b6 | COMPARISON_COMPLETE | category=Shirts | confidence=0.8595 | no_category=0.0422s | hard_category=0.0134s | soft_category=0.0479s | total=0.5123s
2026-08-24 01:57:46 | INFO | request=3300a7b6 | UI_COMPARISON_COMPLETE | processing_time=0.8624s
2026-08-24 18:42:53 | INFO | Initializing Fashion Recommender
2026-08-24 18:42:53 | INFO | Device=cpu
2026-08-24 18:42:53 | INFO | Loading CLIP model
2026-08-24 18:43:04 | INFO | Loaded products=5,015
2026-08-24 18:43:04 | INFO | Loaded categories=142
2026-08-24 18:43:04 | INFO | Recommender initialized successfully
2026-08-24 18:43:40 | INFO | request=d95dbb46 | IMAGE_UPLOAD | filename=10002.jpg | size=5613
2026-08-24 18:43:46 | INFO | request=debc685c | IMAGE_UPLOAD | filename=10002.jpg | size=5613
2026-08-24 18:43:46 | INFO | request=debc685c | COMPARISON_STARTED | top_k=5
2026-08-24 18:43:48 | INFO | request=debc685c | CATEGORY | predicted=Shorts | confidence=0.3497
2026-08-24 18:43:48 | INFO | request=debc685c | CATEGORY_CANDIDATE | rank=1 | category=Shorts | score=10.550129
2026-08-24 18:43:48 | INFO | request=debc685c | CATEGORY_CANDIDATE | rank=2 | category=Jeans | score=8.768788
2026-08-24 18:43:48 | INFO | request=debc685c | CATEGORY_CANDIDATE | rank=3 | category=Capris | score=5.900305
2026-08-24 18:43:48 | INFO | request=debc685c | CATEGORY_CANDIDATE | rank=4 | category=Briefs | score=2.192447
2026-08-24 18:43:48 | INFO | request=debc685c | CATEGORY_CANDIDATE | rank=5 | category=Trunk | score=1.159759
2026-08-24 18:43:48 | INFO | request=debc685c | COMPARISON_COMPLETE | category=Shorts | confidence=0.3497 | no_category=0.0966s | hard_category=0.0226s | soft_category=0.0483s | total=1.8686s
2026-08-24 18:43:48 | INFO | request=debc685c | UI_COMPARISON_COMPLETE | processing_time=2.4227s
2026-08-24 19:36:54 | INFO | request=7e3f3294 | IMAGE_UPLOAD | filename=1550.jpg | size=9918
2026-08-24 19:36:55 | INFO | request=dc694bf5 | IMAGE_UPLOAD | filename=1550.jpg | size=9918
2026-08-24 19:36:55 | INFO | request=dc694bf5 | COMPARISON_STARTED | top_k=5
2026-08-24 19:36:55 | INFO | request=dc694bf5 | CATEGORY | predicted=Tshirts | confidence=0.3921
2026-08-24 19:36:55 | INFO | request=dc694bf5 | CATEGORY_CANDIDATE | rank=1 | category=Tshirts | score=5.079532
2026-08-24 19:36:55 | INFO | request=dc694bf5 | CATEGORY_CANDIDATE | rank=2 | category=Sports Shoes | score=2.657037
2026-08-24 19:36:55 | INFO | request=dc694bf5 | CATEGORY_CANDIDATE | rank=3 | category=Caps | score=1.204932
2026-08-24 19:36:55 | INFO | request=dc694bf5 | CATEGORY_CANDIDATE | rank=4 | category=Footballs | score=0.731413
2026-08-24 19:36:55 | INFO | request=dc694bf5 | CATEGORY_CANDIDATE | rank=5 | category=Backpacks | score=0.712343
2026-08-24 19:36:55 | INFO | request=dc694bf5 | COMPARISON_COMPLETE | category=Tshirts | confidence=0.3921 | no_category=0.0190s | hard_category=0.0072s | soft_category=0.0186s | total=0.1933s
2026-08-24 19:36:55 | INFO | request=dc694bf5 | UI_COMPARISON_COMPLETE | processing_time=0.3119s
2026-08-24 19:39:34 | INFO | request=0c4d6516 | IMAGE_UPLOAD | filename=1525.jpg | size=8115
2026-08-24 19:39:35 | INFO | request=fe437072 | IMAGE_UPLOAD | filename=1525.jpg | size=8115
2026-08-24 19:39:35 | INFO | request=fe437072 | COMPARISON_STARTED | top_k=5
2026-08-24 19:39:35 | INFO | request=fe437072 | CATEGORY | predicted=Backpacks | confidence=0.7903
2026-08-24 19:39:35 | INFO | request=fe437072 | CATEGORY_CANDIDATE | rank=1 | category=Backpacks | score=17.121093
2026-08-24 19:39:35 | INFO | request=fe437072 | CATEGORY_CANDIDATE | rank=2 | category=Messenger Bag | score=1.723485
2026-08-24 19:39:35 | INFO | request=fe437072 | CATEGORY_CANDIDATE | rank=3 | category=Laptop Bag | score=1.215260
2026-08-24 19:39:35 | INFO | request=fe437072 | CATEGORY_CANDIDATE | rank=4 | category=Handbags | score=1.202714
2026-08-24 19:39:35 | INFO | request=fe437072 | CATEGORY_CANDIDATE | rank=5 | category=Free Gifts | score=0.402824
2026-08-24 19:39:35 | INFO | request=fe437072 | COMPARISON_COMPLETE | category=Backpacks | confidence=0.7903 | no_category=0.0196s | hard_category=0.0034s | soft_category=0.0196s | total=0.2214s
2026-08-24 19:39:35 | INFO | request=fe437072 | UI_COMPARISON_COMPLETE | processing_time=0.3542s
2026-08-24 19:39:48 | INFO | request=e2794629 | IMAGE_UPLOAD | filename=10014.jpg | size=4526
2026-08-24 19:39:50 | INFO | request=03c684aa | IMAGE_UPLOAD | filename=10014.jpg | size=4526
2026-08-24 19:39:50 | INFO | request=03c684aa | COMPARISON_STARTED | top_k=5
2026-08-24 19:39:50 | INFO | request=03c684aa | CATEGORY | predicted=Tshirts | confidence=0.3913
2026-08-24 19:39:50 | INFO | request=03c684aa | CATEGORY_CANDIDATE | rank=1 | category=Tshirts | score=9.447048
2026-08-24 19:39:50 | INFO | request=03c684aa | CATEGORY_CANDIDATE | rank=2 | category=Caps | score=9.362646
2026-08-24 19:39:50 | INFO | request=03c684aa | CATEGORY_CANDIDATE | rank=3 | category=Backpacks | score=1.745467
2026-08-24 19:39:50 | INFO | request=03c684aa | CATEGORY_CANDIDATE | rank=4 | category=Jackets | score=0.949918
2026-08-24 19:39:50 | INFO | request=03c684aa | CATEGORY_CANDIDATE | rank=5 | category=Sweatshirts | score=0.915095
2026-08-24 19:39:50 | INFO | request=03c684aa | COMPARISON_COMPLETE | category=Tshirts | confidence=0.3913 | no_category=0.0166s | hard_category=0.0063s | soft_category=0.0184s | total=0.1893s
2026-08-24 19:39:50 | INFO | request=03c684aa | UI_COMPARISON_COMPLETE | processing_time=0.3002s
2026-08-24 20:09:40 | INFO | Initializing Fashion Recommender
2026-08-24 20:09:40 | INFO | Device=cpu
2026-08-24 20:09:40 | INFO | Loading CLIP model
2026-08-24 20:09:52 | INFO | Loaded products=5,015
2026-08-24 20:09:52 | INFO | Loaded categories=142
2026-08-24 20:09:52 | INFO | Recommender initialized successfully
2026-08-24 20:10:09 | INFO | request=132da228 | IMAGE_UPLOAD | filename=1626.jpg | size=10465
2026-08-24 20:10:12 | INFO | request=44dddb2b | IMAGE_UPLOAD | filename=1626.jpg | size=10465
2026-08-24 20:10:12 | INFO | request=44dddb2b | COMPARISON_STARTED | top_k=5
2026-08-24 20:10:12 | INFO | request=44dddb2b | CATEGORY | predicted=Tshirts | confidence=0.3494
2026-08-24 20:10:12 | INFO | request=44dddb2b | CATEGORY_CANDIDATE | rank=1 | category=Tshirts | score=2.910196
2026-08-24 20:10:12 | INFO | request=44dddb2b | CATEGORY_CANDIDATE | rank=2 | category=Sports Shoes | score=1.858613
2026-08-24 20:10:12 | INFO | request=44dddb2b | CATEGORY_CANDIDATE | rank=3 | category=Caps | score=0.783029
2026-08-24 20:10:12 | INFO | request=44dddb2b | CATEGORY_CANDIDATE | rank=4 | category=Casual Shoes | score=0.762360
2026-08-24 20:10:12 | INFO | request=44dddb2b | CATEGORY_CANDIDATE | rank=5 | category=Backpacks | score=0.613815
2026-08-24 20:10:12 | INFO | request=44dddb2b | COMPARISON_COMPLETE | category=Tshirts | confidence=0.3494 | no_category=0.0168s | hard_category=0.0072s | soft_category=0.0184s | total=0.2617s
2026-08-24 20:10:12 | INFO | request=44dddb2b | UI_COMPARISON_COMPLETE | processing_time=0.4974s
2026-08-25 13:31:13 | INFO | Initializing Fashion Recommender
2026-08-25 13:31:13 | INFO | Device=cpu
2026-08-25 13:31:13 | INFO | Loading CLIP model
2026-08-25 13:31:24 | INFO | Loaded products=5,015
2026-08-25 13:31:24 | INFO | Loaded categories=142
2026-08-25 13:31:24 | INFO | Recommender initialized successfully
2026-08-25 13:31:43 | INFO | request=a35187da | IMAGE_UPLOAD | filename=1540.jpg | size=11778
2026-08-25 13:31:47 | INFO | request=a983e825 | IMAGE_UPLOAD | filename=1540.jpg | size=11778
2026-08-25 13:31:47 | INFO | request=a983e825 | COMPARISON_STARTED | top_k=5
2026-08-25 13:31:48 | INFO | request=a983e825 | CATEGORY | predicted=Tshirts | confidence=0.9025
2026-08-25 13:31:48 | INFO | request=a983e825 | CATEGORY_CANDIDATE | rank=1 | category=Tshirts | score=22.128991
2026-08-25 13:31:48 | INFO | request=a983e825 | CATEGORY_CANDIDATE | rank=2 | category=Shirts | score=1.917031
2026-08-25 13:31:48 | INFO | request=a983e825 | CATEGORY_CANDIDATE | rank=3 | category=Jackets | score=0.472938
2026-08-25 13:31:48 | INFO | request=a983e825 | COMPARISON_COMPLETE | category=Tshirts | confidence=0.9025 | no_category=0.0177s | hard_category=0.0136s | soft_category=0.0196s | total=0.6877s
2026-08-25 13:31:48 | INFO | request=a983e825 | UI_COMPARISON_COMPLETE | processing_time=0.9131s
2026-08-25 13:32:03 | INFO | request=852bdd72 | IMAGE_UPLOAD | filename=10014.jpg | size=4526
2026-08-25 13:32:05 | INFO | request=787b14f0 | IMAGE_UPLOAD | filename=10014.jpg | size=4526
2026-08-25 13:32:05 | INFO | request=787b14f0 | COMPARISON_STARTED | top_k=5
2026-08-25 13:32:05 | INFO | request=787b14f0 | CATEGORY | predicted=Tshirts | confidence=0.3913
2026-08-25 13:32:05 | INFO | request=787b14f0 | CATEGORY_CANDIDATE | rank=1 | category=Tshirts | score=9.447048
2026-08-25 13:32:05 | INFO | request=787b14f0 | CATEGORY_CANDIDATE | rank=2 | category=Caps | score=9.362646
2026-08-25 13:32:05 | INFO | request=787b14f0 | CATEGORY_CANDIDATE | rank=3 | category=Backpacks | score=1.745467
2026-08-25 13:32:05 | INFO | request=787b14f0 | CATEGORY_CANDIDATE | rank=4 | category=Jackets | score=0.949918
2026-08-25 13:32:05 | INFO | request=787b14f0 | CATEGORY_CANDIDATE | rank=5 | category=Sweatshirts | score=0.915095
2026-08-25 13:32:05 | INFO | request=787b14f0 | COMPARISON_COMPLETE | category=Tshirts | confidence=0.3913 | no_category=0.0152s | hard_category=0.0056s | soft_category=0.0159s | total=0.1600s
2026-08-25 13:32:05 | INFO | request=787b14f0 | UI_COMPARISON_COMPLETE | processing_time=0.2638s
2026-08-25 13:33:20 | INFO | request=c7bd5c76 | IMAGE_UPLOAD | filename=1581.jpg | size=6674
2026-08-25 13:33:21 | INFO | request=3831fb32 | IMAGE_UPLOAD | filename=1581.jpg | size=6674
2026-08-25 13:33:21 | INFO | request=3831fb32 | COMPARISON_STARTED | top_k=5
2026-08-25 13:33:21 | INFO | request=3831fb32 | CATEGORY | predicted=Briefs | confidence=0.2184
2026-08-25 13:33:21 | INFO | request=3831fb32 | CATEGORY_CANDIDATE | rank=1 | category=Briefs | score=2.663264
2026-08-25 13:33:21 | INFO | request=3831fb32 | CATEGORY_CANDIDATE | rank=2 | category=Bra | score=1.438850
2026-08-25 13:33:21 | INFO | request=3831fb32 | CATEGORY_CANDIDATE | rank=3 | category=Tshirts | score=1.208965
2026-08-25 13:33:21 | INFO | request=3831fb32 | CATEGORY_CANDIDATE | rank=4 | category=Socks | score=0.956695
2026-08-25 13:33:21 | INFO | request=3831fb32 | CATEGORY_CANDIDATE | rank=5 | category=Track Pants | score=0.754752
2026-08-25 13:33:22 | INFO | request=3831fb32 | COMPARISON_COMPLETE | category=Briefs | confidence=0.2184 | no_category=0.0134s | hard_category=0.0025s | soft_category=0.0144s | total=0.1351s
2026-08-25 13:33:22 | INFO | request=3831fb32 | UI_COMPARISON_COMPLETE | processing_time=0.2346s
2026-08-27 21:19:32 | INFO | Initializing Fashion Recommender
2026-08-27 21:19:32 | INFO | Device=cpu
2026-08-27 21:19:32 | INFO | Loading CLIP model
2026-08-27 21:19:33 | INFO | Loaded products=5,015
2026-08-27 21:19:33 | INFO | Loaded categories=142
2026-08-27 21:19:33 | INFO | Recommender initialized successfully
2026-08-27 21:19:33 | INFO | TEXT_SEARCH | query='a red floral summer dress for women' | top_k=3 | image_weight=0.50 | elapsed=0.1961s
2026-08-27 21:19:57 | INFO | Initializing Fashion Recommender
2026-08-27 21:19:57 | INFO | Device=cpu
2026-08-27 21:19:57 | INFO | Loading CLIP model
2026-08-27 21:19:58 | INFO | Loaded products=5,015
2026-08-27 21:19:58 | INFO | Loaded categories=142
2026-08-27 21:19:58 | INFO | Recommender initialized successfully
2026-08-27 21:20:21 | INFO | Initializing Fashion Recommender
2026-08-27 21:20:21 | INFO | Device=cpu
2026-08-27 21:20:21 | INFO | Loading CLIP model
2026-08-27 21:20:22 | INFO | Loaded products=5,015
2026-08-27 21:20:22 | INFO | Loaded categories=142
2026-08-27 21:20:22 | INFO | Recommender initialized successfully
2026-08-27 21:20:23 | INFO | TEXT_SEARCH | query='a black leather handbag' | top_k=5 | image_weight=0.50 | elapsed=0.1281s
2026-08-27 21:23:06 | INFO | Initializing Fashion Recommender
2026-08-27 21:23:06 | INFO | Device=cpu
2026-08-27 21:23:06 | INFO | Loading CLIP model
2026-08-27 21:23:15 | INFO | Loaded products=5,015
2026-08-27 21:23:15 | INFO | Loaded categories=142
2026-08-27 21:23:15 | INFO | Recommender initialized successfully
2026-08-27 21:23:43 | INFO | TEXT_SEARCH | query='a white tshirt' | top_k=5 | image_weight=0.50 | elapsed=0.2753s
2026-08-27 21:24:17 | INFO | request=08777be7 | IMAGE_SEARCH_STARTED | filename=1532.jpg | top_k=5
2026-08-27 21:24:18 | INFO | request=08777be7 | CATEGORY | predicted=Tshirts | confidence=0.8069
2026-08-27 21:24:18 | INFO | request=08777be7 | CATEGORY_CANDIDATE | rank=1 | category=Tshirts | score=17.292970
2026-08-27 21:24:18 | INFO | request=08777be7 | CATEGORY_CANDIDATE | rank=2 | category=Shirts | score=2.486079
2026-08-27 21:24:18 | INFO | request=08777be7 | CATEGORY_CANDIDATE | rank=3 | category=Innerwear Vests | score=1.235642
2026-08-27 21:24:18 | INFO | request=08777be7 | CATEGORY_CANDIDATE | rank=4 | category=Sweaters | score=0.417802
2026-08-27 21:24:18 | INFO | request=08777be7 | COMPARISON_COMPLETE | category=Tshirts | confidence=0.8069 | no_category=0.0416s | hard_category=0.0279s | soft_category=0.0516s | total=0.8575s
2026-08-27 21:25:14 | INFO | TEXT_SEARCH | query='a red dress' | top_k=5 | image_weight=0.50 | elapsed=0.0973s
2026-08-27 21:25:21 | INFO | TEXT_SEARCH | query='a red dress' | top_k=1 | image_weight=0.20 | elapsed=0.1173s
2026-08-27 21:25:25 | INFO | TEXT_SEARCH | query='a red dress' | top_k=5 | image_weight=0.20 | elapsed=0.1366s
2026-08-27 21:26:00 | INFO | TEXT_SEARCH | query='a red bag' | top_k=5 | image_weight=0.20 | elapsed=0.0711s
2026-08-27 21:26:59 | INFO | TEXT_SEARCH | query='a red bag' | top_k=5 | image_weight=0.70 | elapsed=0.0640s
2026-08-27 21:27:48 | INFO | TEXT_SEARCH | query='váy đỏ' | top_k=5 | image_weight=0.70 | elapsed=0.0667s
2026-08-27 21:27:50 | INFO | TEXT_SEARCH | query='váy đỏ' | top_k=5 | image_weight=0.70 | elapsed=0.0621s
2026-08-27 21:27:59 | INFO | TEXT_SEARCH | query='a red dress' | top_k=5 | image_weight=0.70 | elapsed=0.0673s
2026-08-27 21:28:04 | INFO | TEXT_SEARCH | query='a red dress' | top_k=5 | image_weight=0.55 | elapsed=0.0651s
2026-08-27 21:28:07 | INFO | TEXT_SEARCH | query='a red dress' | top_k=5 | image_weight=0.20 | elapsed=0.0714s
2026-08-27 21:33:59 | INFO | Initializing Fashion Recommender
2026-08-27 21:33:59 | INFO | Device=cpu
2026-08-27 21:33:59 | INFO | Loading CLIP model
2026-08-27 21:34:00 | INFO | Loaded products=5,015
2026-08-27 21:34:00 | INFO | Loaded categories=142
2026-08-27 21:34:00 | INFO | Recommender initialized successfully
2026-08-27 21:34:03 | INFO | TEXT_SEARCH | query="I'm looking for a black bag." | top_k=5 | image_weight=0.50 | elapsed=0.2958s
2026-08-27 21:34:47 | INFO | Initializing Fashion Recommender
2026-08-27 21:34:47 | INFO | Device=cpu
2026-08-27 21:34:47 | INFO | Loading CLIP model
2026-08-27 21:34:55 | INFO | Loaded products=5,015
2026-08-27 21:34:55 | INFO | Loaded categories=142
2026-08-27 21:34:55 | INFO | Recommender initialized successfully
2026-08-27 21:35:18 | INFO | TEXT_SEARCH | query='Red dress.' | top_k=5 | image_weight=0.50 | elapsed=0.2211s
